Archive member included because of file (symbol)

libbb/lib.a(appletlib.o)      /home/paldier/asuswrt/release/src-lantiq/tools/toolchain-mips_mips32_gcc-4.8-linaro_uClibc-0.9.33.2/bin/../lib/gcc/mips-openwrt-linux-uclibc/4.8.3/../../../../mips-openwrt-linux-uclibc/lib/crt1.o (main)
libbb/lib.a(bb_basename.o)    libbb/lib.a(appletlib.o) (bb_basename)
libbb/lib.a(default_error_retval.o)
                              libbb/lib.a(appletlib.o) (xfunc_error_retval)
libbb/lib.a(get_last_path_component.o)
                              libbb/lib.a(appletlib.o) (bb_get_last_path_component_nostrip)
libbb/lib.a(last_char_is.o)   libbb/lib.a(get_last_path_component.o) (last_char_is)
libbb/lib.a(messages.o)       libbb/lib.a(appletlib.o) (bb_banner)
libbb/lib.a(ptr_to_globals.o)
                              libbb/lib.a(appletlib.o) (bb_errno)
libbb/lib.a(verror_msg.o)     libbb/lib.a(appletlib.o) (bb_error_msg_and_die)
libbb/lib.a(xfunc_die.o)      libbb/lib.a(appletlib.o) (xfunc_die)
libbb/lib.a(xfuncs.o)         libbb/lib.a(appletlib.o) (full_write2_str)
libbb/lib.a(xfuncs_printf.o)  libbb/lib.a(verror_msg.o) (fflush_all)
libbb/lib.a(copyfd.o)         libbb/lib.a(xfuncs_printf.o) (bb_copyfd_eof)
libbb/lib.a(full_write.o)     libbb/lib.a(verror_msg.o) (full_write)
libbb/lib.a(perror_msg.o)     libbb/lib.a(xfuncs_printf.o) (bb_perror_msg)
libbb/lib.a(read.o)           libbb/lib.a(copyfd.o) (safe_read)
libbb/lib.a(safe_write.o)     libbb/lib.a(full_write.o) (safe_write)
libbb/lib.a(time.o)           libbb/lib.a(xfuncs_printf.o) (monotonic_us)
libbb/lib.a(bb_strtonum.o)    libbb/lib.a(time.o) (bb_strtol)
loginutils/lib.a(chpasswd.o)  libbb/lib.a(appletlib.o) (chpasswd_main)
loginutils/lib.a(login.o)     libbb/lib.a(appletlib.o) (login_main)
miscutils/lib.a(crond.o)      libbb/lib.a(appletlib.o) (crond_main)
miscutils/lib.a(devmem.o)     libbb/lib.a(appletlib.o) (devmem_main)
miscutils/lib.a(ionice.o)     libbb/lib.a(appletlib.o) (ionice_main)
miscutils/lib.a(less.o)       libbb/lib.a(appletlib.o) (less_main)
miscutils/lib.a(strings.o)    libbb/lib.a(appletlib.o) (strings_main)
modutils/lib.a(insmod.o)      libbb/lib.a(appletlib.o) (insmod_main)
modutils/lib.a(lsmod.o)       libbb/lib.a(appletlib.o) (lsmod_main)
modutils/lib.a(modprobe.o)    libbb/lib.a(appletlib.o) (modprobe_main)
modutils/lib.a(modutils.o)    modutils/lib.a(modprobe.o) (string_to_llist)
modutils/lib.a(rmmod.o)       libbb/lib.a(appletlib.o) (rmmod_main)
networking/lib.a(arp.o)       libbb/lib.a(appletlib.o) (arp_main)
networking/lib.a(arping.o)    libbb/lib.a(appletlib.o) (arping_main)
networking/lib.a(ether-wake.o)
                              libbb/lib.a(appletlib.o) (ether_wake_main)
networking/lib.a(ifconfig.o)  libbb/lib.a(appletlib.o) (ifconfig_main)
networking/lib.a(interface.o)
                              networking/lib.a(arp.o) (get_aftype)
networking/lib.a(netstat.o)   libbb/lib.a(appletlib.o) (netstat_main)
networking/lib.a(nslookup.o)  libbb/lib.a(appletlib.o) (nslookup_main)
networking/lib.a(ping.o)      libbb/lib.a(appletlib.o) (ping_main)
networking/lib.a(route.o)     networking/lib.a(netstat.o) (bb_displayroutes)
networking/lib.a(telnetd.o)   libbb/lib.a(appletlib.o) (telnetd_main)
networking/lib.a(tftp.o)      libbb/lib.a(appletlib.o) (tftp_main)
networking/lib.a(traceroute.o)
                              libbb/lib.a(appletlib.o) (traceroute_main)
networking/lib.a(vconfig.o)   libbb/lib.a(appletlib.o) (vconfig_main)
networking/lib.a(zcip.o)      libbb/lib.a(appletlib.o) (zcip_main)
networking/udhcp/lib.a(dhcpc.o)
                              libbb/lib.a(appletlib.o) (udhcpc_main)
networking/udhcp/lib.a(packet.o)
                              networking/udhcp/lib.a(dhcpc.o) (udhcp_init_header)
networking/udhcp/lib.a(signalpipe.o)
                              networking/udhcp/lib.a(dhcpc.o) (udhcp_sp_setup)
networking/udhcp/lib.a(socket.o)
                              networking/udhcp/lib.a(dhcpc.o) (udhcp_read_interface)
networking/udhcp/lib.a(arpping.o)
                              networking/udhcp/lib.a(dhcpc.o) (arpping)
networking/udhcp/lib.a(common.o)
                              networking/udhcp/lib.a(dhcpc.o) (udhcp_option_idx)
procps/lib.a(free.o)          libbb/lib.a(appletlib.o) (free_main)
procps/lib.a(kill.o)          libbb/lib.a(appletlib.o) (kill_main)
procps/lib.a(pidof.o)         libbb/lib.a(appletlib.o) (pidof_main)
procps/lib.a(ps.o)            libbb/lib.a(appletlib.o) (ps_main)
procps/lib.a(renice.o)        libbb/lib.a(appletlib.o) (renice_main)
procps/lib.a(top.o)           libbb/lib.a(appletlib.o) (top_main)
procps/lib.a(uptime.o)        libbb/lib.a(appletlib.o) (uptime_main)
procps/lib.a(watch.o)         libbb/lib.a(appletlib.o) (watch_main)
shell/lib.a(ash.o)            libbb/lib.a(appletlib.o) (ash_main)
shell/lib.a(ash_ptr_hack.o)   shell/lib.a(ash.o) (ash_ptr_to_globals_var)
shell/lib.a(math.o)           shell/lib.a(ash.o) (arith)
shell/lib.a(shell_common.o)   shell/lib.a(ash.o) (shell_builtin_read)
[...]
Memory Configuration

Name             Origin             Length             Attributes
*default*        0x0000000000000000 0xffffffffffffffff

Linker script and memory map

LOAD /home/paldier/asuswrt/release/src-lantiq/tools/toolchain-mips_mips32_gcc-4.8-linaro_uClibc-0.9.33.2/bin/../lib/gcc/mips-openwrt-linux-uclibc/4.8.3/../../../../mips-openwrt-linux-uclibc/lib/crt1.o
LOAD /home/paldier/asuswrt/release/src-lantiq/tools/toolchain-mips_mips32_gcc-4.8-linaro_uClibc-0.9.33.2/bin/../lib/gcc/mips-openwrt-linux-uclibc/4.8.3/../../../../mips-openwrt-linux-uclibc/lib/crti.o
LOAD /home/paldier/asuswrt/release/src-lantiq/tools/toolchain-mips_mips32_gcc-4.8-linaro_uClibc-0.9.33.2/bin/../lib/gcc/mips-openwrt-linux-uclibc/4.8.3/crtbegin.o
START GROUP
LOAD applets/built-in.o
LOAD archival/lib.a
LOAD archival/libunarchive/lib.a
LOAD console-tools/lib.a
LOAD coreutils/lib.a
LOAD coreutils/libcoreutils/lib.a
LOAD debianutils/lib.a
LOAD e2fsprogs/old_e2fsprogs/lib.a
LOAD e2fsprogs/old_e2fsprogs/e2p/lib.a
LOAD e2fsprogs/old_e2fsprogs/ext2fs/lib.a
LOAD editors/lib.a
LOAD findutils/lib.a
LOAD init/lib.a
LOAD libbb/lib.a
LOAD libpwdgrp/lib.a
LOAD loginutils/lib.a
LOAD mailutils/lib.a
LOAD miscutils/lib.a
LOAD modutils/lib.a
LOAD networking/lib.a
LOAD networking/libiproute/lib.a
LOAD networking/udhcp/lib.a
LOAD printutils/lib.a
LOAD procps/lib.a
LOAD runit/lib.a
LOAD selinux/lib.a
LOAD shell/lib.a
LOAD sysklogd/lib.a
LOAD util-linux/lib.a
LOAD util-linux/volume_id/lib.a
LOAD archival/built-in.o
LOAD archival/libunarchive/built-in.o
LOAD console-tools/built-in.o
LOAD coreutils/built-in.o
LOAD coreutils/libcoreutils/built-in.o
LOAD debianutils/built-in.o
LOAD e2fsprogs/old_e2fsprogs/built-in.o
LOAD e2fsprogs/old_e2fsprogs/e2p/built-in.o
LOAD e2fsprogs/old_e2fsprogs/ext2fs/built-in.o
LOAD editors/built-in.o
LOAD findutils/built-in.o
LOAD init/built-in.o
LOAD libbb/built-in.o
LOAD libpwdgrp/built-in.o
LOAD loginutils/built-in.o
LOAD mailutils/built-in.o
LOAD miscutils/built-in.o
LOAD modutils/built-in.o
LOAD networking/built-in.o
LOAD networking/libiproute/built-in.o
LOAD networking/udhcp/built-in.o
LOAD printutils/built-in.o
LOAD procps/built-in.o
LOAD runit/built-in.o
LOAD selinux/built-in.o
LOAD shell/built-in.o
LOAD sysklogd/built-in.o
LOAD util-linux/built-in.o
LOAD util-linux/volume_id/built-in.o
END GROUP
START GROUP
LOAD /home/paldier/asuswrt/release/src-lantiq/tools/toolchain-mips_mips32_gcc-4.8-linaro_uClibc-0.9.33.2/bin/../lib/gcc/mips-openwrt-linux-uclibc/4.8.3/../../../../mips-openwrt-linux-uclibc/lib/libcrypt.so
LOAD /home/paldier/asuswrt/release/src-lantiq/tools/toolchain-mips_mips32_gcc-4.8-linaro_uClibc-0.9.33.2/bin/../lib/gcc/mips-openwrt-linux-uclibc/4.8.3/../../../../mips-openwrt-linux-uclibc/lib/libm.so
LOAD /home/paldier/asuswrt/release/src-lantiq/router/mipsel-uclibc/stage/usr/lib/libptcsrv.so
END GROUP
LOAD /home/paldier/asuswrt/release/src-lantiq/tools/toolchain-mips_mips32_gcc-4.8-linaro_uClibc-0.9.33.2/bin/../lib/gcc/mips-openwrt-linux-uclibc/4.8.3/../../../../mips-openwrt-linux-uclibc/lib/libgcc_s.so
LOAD /home/paldier/asuswrt/release/src-lantiq/tools/toolchain-mips_mips32_gcc-4.8-linaro_uClibc-0.9.33.2/bin/../lib/gcc/mips-openwrt-linux-uclibc/4.8.3/../../../../mips-openwrt-linux-uclibc/lib/libc.so
START GROUP
LOAD /home/paldier/asuswrt/release/src-lantiq/tools/toolchain-mips_mips32_gcc-4.8-linaro_uClibc-0.9.33.2/bin/../lib/gcc/mips-openwrt-linux-uclibc/4.8.3/../../../../mips-openwrt-linux-uclibc/lib/libc.so.0
LOAD /home/paldier/asuswrt/release/src-lantiq/tools/toolchain-mips_mips32_gcc-4.8-linaro_uClibc-0.9.33.2/bin/../lib/gcc/mips-openwrt-linux-uclibc/4.8.3/../../../../mips-openwrt-linux-uclibc/lib/uclibc_nonshared.a
LOAD /home/paldier/asuswrt/release/src-lantiq/tools/toolchain-mips_mips32_gcc-4.8-linaro_uClibc-0.9.33.2/bin/../lib/gcc/mips-openwrt-linux-uclibc/4.8.3/../../../../mips-openwrt-linux-uclibc/lib/ld-uClibc.so.0
END GROUP
LOAD /home/paldier/asuswrt/release/src-lantiq/tools/toolchain-mips_mips32_gcc-4.8-linaro_uClibc-0.9.33.2/bin/../lib/gcc/mips-openwrt-linux-uclibc/4.8.3/../../../../mips-openwrt-linux-uclibc/lib/libgcc_s.so
LOAD /home/paldier/asuswrt/release/src-lantiq/tools/toolchain-mips_mips32_gcc-4.8-linaro_uClibc-0.9.33.2/bin/../lib/gcc/mips-openwrt-linux-uclibc/4.8.3/crtend.o
LOAD /home/paldier/asuswrt/release/src-lantiq/tools/toolchain-mips_mips32_gcc-4.8-linaro_uClibc-0.9.33.2/bin/../lib/gcc/mips-openwrt-linux-uclibc/4.8.3/../../../../mips-openwrt-linux-uclibc/lib/crtn.o
                0x0000000000400000                PROVIDE (__executable_start, 0x400000)
                0x0000000000400114                . = (0x400000 + SIZEOF_HEADERS)

.interp         0x0000000000400114       0x14
 *(SORT(.interp))
 .interp        0x0000000000400114       0x14 /home/paldier/asuswrt/release/src-lantiq/tools/toolchain-mips_mips32_gcc-4.8-linaro_uClibc-0.9.33.2/bin/../lib/gcc/mips-openwrt-linux-uclibc/4.8.3/../../../../mips-openwrt-linux-uclibc/lib/crt1.o

.reginfo
 *(SORT(.reginfo))

.note.gnu.build-id
 *(SORT(.note.gnu.build-id))

.dynamic        0x0000000000400128      0x118
 *(SORT(.dynamic))
 .dynamic       0x0000000000400128      0x118 /home/paldier/asuswrt/release/src-lantiq/tools/toolchain-mips_mips32_gcc-4.8-linaro_uClibc-0.9.33.2/bin/../lib/gcc/mips-openwrt-linux-uclibc/4.8.3/../../../../mips-openwrt-linux-uclibc/lib/crt1.o
                0x0000000000400128                _DYNAMIC

.hash           0x0000000000400240     0x14c8
 *(SORT(.hash))
 .hash          0x0000000000400240     0x14c8 /home/paldier/asuswrt/release/src-lantiq/tools/toolchain-mips_mips32_gcc-4.8-linaro_uClibc-0.9.33.2/bin/../lib/gcc/mips-openwrt-linux-uclibc/4.8.3/../../../../mips-openwrt-linux-uclibc/lib/crt1.o

.gnu.hash
 *(SORT(.gnu.hash))

.dynsym         0x0000000000401708     0x3270
 *(SORT(.dynsym))
 .dynsym        0x0000000000401708     0x3270 /home/paldier/asuswrt/release/src-lantiq/tools/toolchain-mips_mips32_gcc-4.8-linaro_uClibc-0.9.33.2/bin/../lib/gcc/mips-openwrt-linux-uclibc/4.8.3/../../../../mips-openwrt-linux-uclibc/lib/crt1.o

.dynstr         0x0000000000404978     0x2cf6
 *(SORT(.dynstr))
 .dynstr        0x0000000000404978     0x2cf6 /home/paldier/asuswrt/release/src-lantiq/tools/toolchain-mips_mips32_gcc-4.8-linaro_uClibc-0.9.33.2/bin/../lib/gcc/mips-openwrt-linux-uclibc/4.8.3/../../../../mips-openwrt-linux-uclibc/lib/crt1.o

.gnu.version    0x000000000040766e      0x64e
 *(SORT(.gnu.version))
 .gnu.version   0x000000000040766e      0x64e /home/paldier/asuswrt/release/src-lantiq/tools/toolchain-mips_mips32_gcc-4.8-linaro_uClibc-0.9.33.2/bin/../lib/gcc/mips-openwrt-linux-uclibc/4.8.3/../../../../mips-openwrt-linux-uclibc/lib/crt1.o

.gnu.version_d  0x0000000000407cbc        0x0
 *(SORT(.gnu.version_d))
 .gnu.version_d
                0x0000000000000000        0x0 /home/paldier/asuswrt/release/src-lantiq/tools/toolchain-mips_mips32_gcc-4.8-linaro_uClibc-0.9.33.2/bin/../lib/gcc/mips-openwrt-linux-uclibc/4.8.3/../../../../mips-openwrt-linux-uclibc/lib/crt1.o

.gnu.version_r  0x0000000000407cbc       0x40
 *(SORT(.gnu.version_r))
 .gnu.version_r
                0x0000000000407cbc       0x40 /home/paldier/asuswrt/release/src-lantiq/tools/toolchain-mips_mips32_gcc-4.8-linaro_uClibc-0.9.33.2/bin/../lib/gcc/mips-openwrt-linux-uclibc/4.8.3/../../../../mips-openwrt-linux-uclibc/lib/crt1.o

.rel.dyn        0x0000000000407cfc        0x0
 *(SORT(.rel.init))
 *(SORT(.rel.text) SORT(.rel.text.*) SORT(.rel.gnu.linkonce.t.*))
 *(SORT(.rel.fini))
 *(SORT(.rel.rodata) SORT(.rel.rodata.*) SORT(.rel.gnu.linkonce.r.*))
 *(SORT(.rel.data.rel.ro) SORT(.rel.data.rel.ro.*) SORT(.rel.gnu.linkonce.d.rel.ro.*))
 *(SORT(.rel.data) SORT(.rel.data.*) SORT(.rel.gnu.linkonce.d.*))
 *(SORT(.rel.tdata) SORT(.rel.tdata.*) SORT(.rel.gnu.linkonce.td.*))
 *(SORT(.rel.tbss) SORT(.rel.tbss.*) SORT(.rel.gnu.linkonce.tb.*))
 *(SORT(.rel.ctors))
 *(SORT(.rel.dtors))
 *(SORT(.rel.got))
 *(SORT(.rel.dyn))
 .rel.dyn       0x0000000000000000        0x0 /home/paldier/asuswrt/release/src-lantiq/tools/toolchain-mips_mips32_gcc-4.8-linaro_uClibc-0.9.33.2/bin/../lib/gcc/mips-openwrt-linux-uclibc/4.8.3/../../../../mips-openwrt-linux-uclibc/lib/crt1.o
 *(SORT(.rel.sdata) SORT(.rel.sdata.*) SORT(.rel.gnu.linkonce.s.*))
 *(SORT(.rel.sbss) SORT(.rel.sbss.*) SORT(.rel.gnu.linkonce.sb.*))
 *(SORT(.rel.sdata2) SORT(.rel.sdata2.*) SORT(.rel.gnu.linkonce.s2.*))
 *(SORT(.rel.sbss2) SORT(.rel.sbss2.*) SORT(.rel.gnu.linkonce.sb2.*))
 *(SORT(.rel.bss) SORT(.rel.bss.*) SORT(.rel.gnu.linkonce.b.*))
 .rel.bss       0x0000000000000000        0x0 /home/paldier/asuswrt/release/src-lantiq/tools/toolchain-mips_mips32_gcc-4.8-linaro_uClibc-0.9.33.2/bin/../lib/gcc/mips-openwrt-linux-uclibc/4.8.3/../../../../mips-openwrt-linux-uclibc/lib/crt1.o
                0x0000000000407cfc                PROVIDE (__rel_iplt_start, .)
 *(SORT(.rel.iplt))
                0x0000000000407cfc                PROVIDE (__rel_iplt_end, .)

.rela.dyn       0x0000000000407cfc        0x0
 *(SORT(.rela.init))
 *(SORT(.rela.text) SORT(.rela.text.*) SORT(.rela.gnu.linkonce.t.*))
 *(SORT(.rela.fini))
 *(SORT(.rela.rodata) SORT(.rela.rodata.*) SORT(.rela.gnu.linkonce.r.*))
 *(SORT(.rela.data) SORT(.rela.data.*) SORT(.rela.gnu.linkonce.d.*))
 *(SORT(.rela.tdata) SORT(.rela.tdata.*) SORT(.rela.gnu.linkonce.td.*))
 *(SORT(.rela.tbss) SORT(.rela.tbss.*) SORT(.rela.gnu.linkonce.tb.*))
 *(SORT(.rela.ctors))
 *(SORT(.rela.dtors))
 *(SORT(.rela.got))
 *(SORT(.rela.sdata) SORT(.rela.sdata.*) SORT(.rela.gnu.linkonce.s.*))
 *(SORT(.rela.sbss) SORT(.rela.sbss.*) SORT(.rela.gnu.linkonce.sb.*))
 *(SORT(.rela.sdata2) SORT(.rela.sdata2.*) SORT(.rela.gnu.linkonce.s2.*))
 *(SORT(.rela.sbss2) SORT(.rela.sbss2.*) SORT(.rela.gnu.linkonce.sb2.*))
 *(SORT(.rela.bss) SORT(.rela.bss.*) SORT(.rela.gnu.linkonce.b.*))
                0x0000000000407cfc                PROVIDE (__rela_iplt_start, .)
 *(SORT(.rela.iplt))
                0x0000000000407cfc                PROVIDE (__rela_iplt_end, .)

.rel.plt        0x0000000000407cfc       0x10
 *(SORT(.rel.plt))
 .rel.plt       0x0000000000407cfc       0x10 /home/paldier/asuswrt/release/src-lantiq/tools/toolchain-mips_mips32_gcc-4.8-linaro_uClibc-0.9.33.2/bin/../lib/gcc/mips-openwrt-linux-uclibc/4.8.3/../../../../mips-openwrt-linux-uclibc/lib/crt1.o

.rela.plt
 *(SORT(.rela.plt))

.init           0x0000000000407d0c       0x48
 *(SORT(.init))
 .init          0x0000000000407d0c       0x1c /home/paldier/asuswrt/release/src-lantiq/tools/toolchain-mips_mips32_gcc-4.8-linaro_uClibc-0.9.33.2/bin/../lib/gcc/mips-openwrt-linux-uclibc/4.8.3/../../../../mips-openwrt-linux-uclibc/lib/crti.o
                0x0000000000407d0c                _init
 .init          0x0000000000407d28       0x10 /home/paldier/asuswrt/release/src-lantiq/tools/toolchain-mips_mips32_gcc-4.8-linaro_uClibc-0.9.33.2/bin/../lib/gcc/mips-openwrt-linux-uclibc/4.8.3/crtbegin.o
 .init          0x0000000000407d38       0x10 /home/paldier/asuswrt/release/src-lantiq/tools/toolchain-mips_mips32_gcc-4.8-linaro_uClibc-0.9.33.2/bin/../lib/gcc/mips-openwrt-linux-uclibc/4.8.3/crtend.o
 .init          0x0000000000407d48        0xc /home/paldier/asuswrt/release/src-lantiq/tools/toolchain-mips_mips32_gcc-4.8-linaro_uClibc-0.9.33.2/bin/../lib/gcc/mips-openwrt-linux-uclibc/4.8.3/../../../../mips-openwrt-linux-uclibc/lib/crtn.o

.text           0x0000000000407d60    0x8f2ec
                0x0000000000407d60                _ftext = .
 *(SORT(.text.unlikely) SORT(.text.*_unlikely) SORT(.text.unlikely.*))
 *(SORT(.text.exit) SORT(.text.exit.*))
 *(SORT(.text.startup) SORT(.text.startup.*))
 *(SORT(.text.hot) SORT(.text.hot.*))
 *(SORT(.text) SORT(.stub) SORT(.text.*) SORT(.gnu.linkonce.t.*))
 .text          0x0000000000407d60       0x60 /home/paldier/asuswrt/release/src-lantiq/tools/toolchain-mips_mips32_gcc-4.8-linaro_uClibc-0.9.33.2/bin/../lib/gcc/mips-openwrt-linux-uclibc/4.8.3/../../../../mips-openwrt-linux-uclibc/lib/crt1.o
                0x0000000000407d60                __start
 .text          0x0000000000407dc0      0x190 /home/paldier/asuswrt/release/src-lantiq/tools/toolchain-mips_mips32_gcc-4.8-linaro_uClibc-0.9.33.2/bin/../lib/gcc/mips-openwrt-linux-uclibc/4.8.3/crtbegin.o
 .text          0x0000000000407f50       0x50 /home/paldier/asuswrt/release/src-lantiq/tools/toolchain-mips_mips32_gcc-4.8-linaro_uClibc-0.9.33.2/bin/../lib/gcc/mips-openwrt-linux-uclibc/4.8.3/crtend.o
 .text.applet_name_compare
                0x0000000000407fa0       0x34 libbb/lib.a(appletlib.o)
 .text.find_applet_by_name
                0x0000000000407fd4       0x5c libbb/lib.a(appletlib.o)
                0x0000000000407fd4                find_applet_by_name
 .text.bb_show_usage
                0x0000000000408030      0x10c libbb/lib.a(appletlib.o)
                0x0000000000408030                bb_show_usage
 .text.lbb_prepare
                0x000000000040813c       0x4c libbb/lib.a(appletlib.o)
                0x000000000040813c                lbb_prepare
 .text.run_applet_no_and_exit
                0x0000000000408188      0x164 libbb/lib.a(appletlib.o)
                0x0000000000408188                run_applet_no_and_exit
 .text.run_applet_and_exit
                0x00000000004082ec      0x308 libbb/lib.a(appletlib.o)
                0x00000000004082ec                run_applet_and_exit
 .text.main     0x00000000004085f4       0xf4 libbb/lib.a(appletlib.o)
                0x00000000004085f4                main
 .text.bb_basename
                0x00000000004086e8       0x48 libbb/lib.a(bb_basename.o)
                0x00000000004086e8                bb_basename
 .text.bb_get_last_path_component_nostrip
                0x0000000000408730       0x60 libbb/lib.a(get_last_path_component.o)
                0x0000000000408730                bb_get_last_path_component_nostrip
 .text.bb_get_last_path_component_strip
                0x0000000000408790       0x6c libbb/lib.a(get_last_path_component.o)
                0x0000000000408790                bb_get_last_path_component_strip
 .text.last_char_is
                0x00000000004087fc       0x6c libbb/lib.a(last_char_is.o)
                0x00000000004087fc                last_char_is
 .text.bb_verror_msg
                0x0000000000408868      0x274 libbb/lib.a(verror_msg.o)
                0x0000000000408868                bb_verror_msg
 .text.bb_error_msg_and_die
                0x0000000000408adc       0x48 libbb/lib.a(verror_msg.o)
                0x0000000000408adc                bb_error_msg_and_die
 .text.bb_error_msg
                0x0000000000408b24       0x44 libbb/lib.a(verror_msg.o)
                0x0000000000408b24                bb_error_msg
 .text.xfunc_die
                0x0000000000408b68       0x44 libbb/lib.a(xfunc_die.o)
                0x0000000000408b68                xfunc_die
 .text.ndelay_on
                0x0000000000408bac       0x50 libbb/lib.a(xfuncs.o)
                0x0000000000408bac                ndelay_on
 .text.ndelay_off
                0x0000000000408bfc       0x54 libbb/lib.a(xfuncs.o)
                0x0000000000408bfc                ndelay_off
 .text.close_on_exec_on
                0x0000000000408c50       0x1c libbb/lib.a(xfuncs.o)
                0x0000000000408c50                close_on_exec_on
 .text.strncpy_IFNAMSIZ
                0x0000000000408c6c       0x18 libbb/lib.a(xfuncs.o)
                0x0000000000408c6c                strncpy_IFNAMSIZ
 .text.utoa_to_buf
                0x0000000000408c84       0x7c libbb/lib.a(xfuncs.o)
                0x0000000000408c84                utoa_to_buf
 .text.itoa_to_buf
                0x0000000000408d00       0x40 libbb/lib.a(xfuncs.o)
                0x0000000000408d00                itoa_to_buf
 .text.utoa     0x0000000000408d40       0x48 libbb/lib.a(xfuncs.o)
                0x0000000000408d40                utoa
 .text.itoa     0x0000000000408d88       0x48 libbb/lib.a(xfuncs.o)
                0x0000000000408d88                itoa
 .text.bin2hex  0x0000000000408dd0       0x60 libbb/lib.a(xfuncs.o)
                0x0000000000408dd0                bin2hex
 .text.hex2bin  0x0000000000408e30      0x100 libbb/lib.a(xfuncs.o)
                0x0000000000408e30                hex2bin
 .text.bb_putchar_stderr
                0x0000000000408f30       0x3c libbb/lib.a(xfuncs.o)
                0x0000000000408f30                bb_putchar_stderr
 .text.full_write1_str
                0x0000000000408f6c       0x4c libbb/lib.a(xfuncs.o)
                0x0000000000408f6c                full_write1_str
 .text.full_write2_str
                0x0000000000408fb8       0x4c libbb/lib.a(xfuncs.o)
                0x0000000000408fb8                full_write2_str
 .text.get_terminal_width_height
                0x0000000000409004      0x11c libbb/lib.a(xfuncs.o)
                0x0000000000409004                get_terminal_width_height
 .text.tcsetattr_stdin_TCSANOW
                0x0000000000409120       0x20 libbb/lib.a(xfuncs.o)
                0x0000000000409120                tcsetattr_stdin_TCSANOW
 .text.safe_waitpid
                0x0000000000409140       0x98 libbb/lib.a(xfuncs.o)
                0x0000000000409140                safe_waitpid
 .text.wait_any_nohang
                0x00000000004091d8       0x20 libbb/lib.a(xfuncs.o)
                0x00000000004091d8                wait_any_nohang
 .text.wait4pid
                0x00000000004091f8       0x80 libbb/lib.a(xfuncs.o)
                0x00000000004091f8                wait4pid
 .text.unparse_uuid
                0x0000000000409278       0x90 libbb/lib.a(xfuncs.o)
                0x0000000000409278                unparse_uuid
 .text.malloc_or_warn
                0x0000000000409308       0x58 libbb/lib.a(xfuncs_printf.o)
                0x0000000000409308                malloc_or_warn
 .text.xmalloc  0x0000000000409360       0x54 libbb/lib.a(xfuncs_printf.o)
                0x0000000000409360                xmalloc
 .text.xrealloc
                0x00000000004093b4       0x54 libbb/lib.a(xfuncs_printf.o)
                0x00000000004093b4                xrealloc
 .text.xzalloc  0x0000000000409408       0x60 libbb/lib.a(xfuncs_printf.o)
                0x0000000000409408                xzalloc
 .text.xstrdup  0x0000000000409468       0x54 libbb/lib.a(xfuncs_printf.o)
                0x0000000000409468                xstrdup
 .text.xstrndup
                0x00000000004094bc       0x84 libbb/lib.a(xfuncs_printf.o)
                0x00000000004094bc                xstrndup
 .text.xfopen   0x0000000000409540       0x54 libbb/lib.a(xfuncs_printf.o)
                0x0000000000409540                xfopen
 .text.xopen3   0x0000000000409594       0x54 libbb/lib.a(xfuncs_printf.o)
                0x0000000000409594                xopen3
 .text.xopen    0x00000000004095e8       0x18 libbb/lib.a(xfuncs_printf.o)
                0x00000000004095e8                xopen
 .text.open3_or_warn
                0x0000000000409600       0x5c libbb/lib.a(xfuncs_printf.o)
                0x0000000000409600                open3_or_warn
 .text.open_or_warn
                0x000000000040965c       0x18 libbb/lib.a(xfuncs_printf.o)
                0x000000000040965c                open_or_warn
 .text.xunlink  0x0000000000409674       0x54 libbb/lib.a(xfuncs_printf.o)
                0x0000000000409674                xunlink
 .text.xrename  0x00000000004096c8       0x64 libbb/lib.a(xfuncs_printf.o)
                0x00000000004096c8                xrename
 .text.xpipe    0x000000000040972c       0x48 libbb/lib.a(xfuncs_printf.o)
                0x000000000040972c                xpipe
 .text.xdup2    0x0000000000409774       0x50 libbb/lib.a(xfuncs_printf.o)
                0x0000000000409774                xdup2
 .text.xmove_fd
                0x00000000004097c4       0x5c libbb/lib.a(xfuncs_printf.o)
                0x00000000004097c4                xmove_fd
 .text.xwrite   0x0000000000409820       0x58 libbb/lib.a(xfuncs_printf.o)
                0x0000000000409820                xwrite
 .text.xwrite_str
                0x0000000000409878       0x54 libbb/lib.a(xfuncs_printf.o)
                0x0000000000409878                xwrite_str
 .text.xclose   0x00000000004098cc       0x48 libbb/lib.a(xfuncs_printf.o)
                0x00000000004098cc                xclose
 .text.xlseek   0x0000000000409914       0x90 libbb/lib.a(xfuncs_printf.o)
                0x0000000000409914                xlseek
 .text.die_if_ferror
                0x00000000004099a4       0x50 libbb/lib.a(xfuncs_printf.o)
                0x00000000004099a4                die_if_ferror
 .text.die_if_ferror_stdout
                0x00000000004099f4       0x20 libbb/lib.a(xfuncs_printf.o)
                0x00000000004099f4                die_if_ferror_stdout
 .text.fflush_all
                0x0000000000409a14       0x18 libbb/lib.a(xfuncs_printf.o)
                0x0000000000409a14                fflush_all
 .text.bb_putchar
                0x0000000000409a2c       0x54 libbb/lib.a(xfuncs_printf.o)
                0x0000000000409a2c                bb_putchar
 .text.xprint_and_close_file
                0x0000000000409a80       0x80 libbb/lib.a(xfuncs_printf.o)
                0x0000000000409a80                xprint_and_close_file
 .text.xasprintf
                0x0000000000409b00       0x64 libbb/lib.a(xfuncs_printf.o)
                0x0000000000409b00                xasprintf
 .text.xsetenv  0x0000000000409b64       0x48 libbb/lib.a(xfuncs_printf.o)
                0x0000000000409b64                xsetenv
 .text.bb_unsetenv
                0x0000000000409bac       0x88 libbb/lib.a(xfuncs_printf.o)
                0x0000000000409bac                bb_unsetenv
 .text.bb_unsetenv_and_free
                0x0000000000409c34       0x44 libbb/lib.a(xfuncs_printf.o)
                0x0000000000409c34                bb_unsetenv_and_free
 .text.xsetgid  0x0000000000409c78       0x48 libbb/lib.a(xfuncs_printf.o)
                0x0000000000409c78                xsetgid
 .text.xsetuid  0x0000000000409cc0       0x48 libbb/lib.a(xfuncs_printf.o)
                0x0000000000409cc0                xsetuid
 .text.xchdir   0x0000000000409d08       0x54 libbb/lib.a(xfuncs_printf.o)
                0x0000000000409d08                xchdir
 .text.warn_opendir
                0x0000000000409d5c       0x5c libbb/lib.a(xfuncs_printf.o)
                0x0000000000409d5c                warn_opendir
 .text.xopendir
                0x0000000000409db8       0x54 libbb/lib.a(xfuncs_printf.o)
                0x0000000000409db8                xopendir
 .text.xsocket  0x0000000000409e0c       0x48 libbb/lib.a(xfuncs_printf.o)
                0x0000000000409e0c                xsocket
 .text.xbind    0x0000000000409e54       0x48 libbb/lib.a(xfuncs_printf.o)
                0x0000000000409e54                xbind
 .text.xlisten  0x0000000000409e9c       0x48 libbb/lib.a(xfuncs_printf.o)
                0x0000000000409e9c                xlisten
 .text.xsendto  0x0000000000409ee4       0x54 libbb/lib.a(xfuncs_printf.o)
                0x0000000000409ee4                xsendto
 .text.xstat    0x0000000000409f38       0x54 libbb/lib.a(xfuncs_printf.o)
                0x0000000000409f38                xstat
 .text.ioctl_or_perror_and_die
                0x0000000000409f8c       0x8c libbb/lib.a(xfuncs_printf.o)
                0x0000000000409f8c                ioctl_or_perror_and_die
 .text.ioctl_or_perror
                0x000000000040a018       0x8c libbb/lib.a(xfuncs_printf.o)
                0x000000000040a018                ioctl_or_perror
 .text.bb_ioctl_or_warn
                0x000000000040a0a4       0x54 libbb/lib.a(xfuncs_printf.o)
                0x000000000040a0a4                bb_ioctl_or_warn
 .text.bb_xioctl
                0x000000000040a0f8       0x4c libbb/lib.a(xfuncs_printf.o)
                0x000000000040a0f8                bb_xioctl
 .text.xmalloc_ttyname
                0x000000000040a144       0x7c libbb/lib.a(xfuncs_printf.o)
                0x000000000040a144                xmalloc_ttyname
 .text.generate_uuid
                0x000000000040a1c0      0x140 libbb/lib.a(xfuncs_printf.o)
                0x000000000040a1c0                generate_uuid
 .text.xfork    0x000000000040a300       0x48 libbb/lib.a(xfuncs_printf.o)
                0x000000000040a300                xfork
 .text.bb_full_fd_action
                0x000000000040a348      0x1a4 libbb/lib.a(copyfd.o)
 .text.bb_copyfd_size
                0x000000000040a4ec       0x30 libbb/lib.a(copyfd.o)
                0x000000000040a4ec                bb_copyfd_size
 .text.bb_copyfd_exact_size
                0x000000000040a51c       0x98 libbb/lib.a(copyfd.o)
                0x000000000040a51c                bb_copyfd_exact_size
 .text.bb_copyfd_eof
                0x000000000040a5b4       0x20 libbb/lib.a(copyfd.o)
                0x000000000040a5b4                bb_copyfd_eof
 .text.full_write
                0x000000000040a5d4       0x98 libbb/lib.a(full_write.o)
                0x000000000040a5d4                full_write
 .text.bb_perror_msg
                0x000000000040a66c       0x84 libbb/lib.a(perror_msg.o)
                0x000000000040a66c                bb_perror_msg
 .text.bb_perror_msg_and_die
                0x000000000040a6f0       0x80 libbb/lib.a(perror_msg.o)
                0x000000000040a6f0                bb_perror_msg_and_die
 .text.bb_simple_perror_msg
                0x000000000040a770       0x20 libbb/lib.a(perror_msg.o)
                0x000000000040a770                bb_simple_perror_msg
 .text.bb_simple_perror_msg_and_die
                0x000000000040a790       0x2c libbb/lib.a(perror_msg.o)
                0x000000000040a790                bb_simple_perror_msg_and_die
 .text.safe_read
                0x000000000040a7bc       0x8c libbb/lib.a(read.o)
                0x000000000040a7bc                safe_read
 .text.full_read
                0x000000000040a848       0xa0 libbb/lib.a(read.o)
                0x000000000040a848                full_read
 .text.read_close
                0x000000000040a8e8       0x58 libbb/lib.a(read.o)
                0x000000000040a8e8                read_close
 .text.open_read_close
                0x000000000040a940       0x68 libbb/lib.a(read.o)
                0x000000000040a940                open_read_close
 .text.safe_write
                0x000000000040a9a8       0x8c libbb/lib.a(safe_write.o)
                0x000000000040a9a8                safe_write
 .text.get_mono
                0x000000000040aa34       0x50 libbb/lib.a(time.o)
 .text.parse_datestr
                0x000000000040aa84      0x42c libbb/lib.a(time.o)
                0x000000000040aa84                parse_datestr
 .text.validate_tm_time
                0x000000000040aeb0       0x58 libbb/lib.a(time.o)
                0x000000000040aeb0                validate_tm_time
 .text.monotonic_us
                0x000000000040af08       0x70 libbb/lib.a(time.o)
                0x000000000040af08                monotonic_us
 .text.monotonic_ms
                0x000000000040af78       0x70 libbb/lib.a(time.o)
                0x000000000040af78                monotonic_ms
 .text.monotonic_sec
                0x000000000040afe8       0x38 libbb/lib.a(time.o)
                0x000000000040afe8                monotonic_sec
 .text.handle_errors
                0x000000000040b020       0x84 libbb/lib.a(bb_strtonum.o)
 .text.bb_strtoull
                0x000000000040b0a4       0xb0 libbb/lib.a(bb_strtonum.o)
                0x000000000040b0a4                bb_strtoull
 .text.bb_strtoll
                0x000000000040b154       0xb0 libbb/lib.a(bb_strtonum.o)
                0x000000000040b154                bb_strtoll
 .text.bb_strtoul
                0x000000000040b204       0xb0 libbb/lib.a(bb_strtonum.o)
                0x000000000040b204                bb_strtoul
 .text.bb_strtol
                0x000000000040b2b4       0xb0 libbb/lib.a(bb_strtonum.o)
                0x000000000040b2b4                bb_strtol
 .text.chpasswd_main
                0x000000000040b364      0x250 loginutils/lib.a(chpasswd.o)
                0x000000000040b364                chpasswd_main
 .text.alarm_handler
                0x000000000040b5b4       0x6c loginutils/lib.a(login.o)
 .text.login_main
                0x000000000040b620      0x628 loginutils/lib.a(login.o)
                0x000000000040b620                login_main
 .text.DeleteFile
                0x000000000040bc48      0x118 miscutils/lib.a(crond.o)
 .text.crondlog
                0x000000000040bd60      0x124 miscutils/lib.a(crond.o)
 .text.ParseField
                0x000000000040be84      0x268 miscutils/lib.a(crond.o)
 .text.SynchronizeFile
                0x000000000040c0ec      0x384 miscutils/lib.a(crond.o)
 .text.SynchronizeDir
                0x000000000040c470      0x1a4 miscutils/lib.a(crond.o)
 .text.RunJob   0x000000000040c614      0x268 miscutils/lib.a(crond.o)
 .text.crond_main
                0x000000000040c87c      0x544 miscutils/lib.a(crond.o)
                0x000000000040c87c                crond_main
 .text.devmem_main
                0x000000000040cdc0      0x2fc miscutils/lib.a(devmem.o)
                0x000000000040cdc0                devmem_main
 .text.ionice_main
                0x000000000040d0bc      0x1d4 miscutils/lib.a(ionice.o)
                0x000000000040d0bc                ionice_main
 .text.set_tty_cooked
                0x000000000040d290       0x4c miscutils/lib.a(less.o)
 .text.clear_line
                0x000000000040d2dc       0x2c miscutils/lib.a(less.o)
 .text.less_exit
                0x000000000040d308       0x64 miscutils/lib.a(less.o)
 .text.sig_catcher
                0x000000000040d36c       0x28 miscutils/lib.a(less.o)
 .text.print_statusline
                0x000000000040d394       0x60 miscutils/lib.a(less.o)
 .text.read_lines
                0x000000000040d3f4      0x3bc miscutils/lib.a(less.o)
 .text.status_print
                0x000000000040d7b0       0xd8 miscutils/lib.a(less.o)
 .text.buffer_print
                0x000000000040d888      0x274 miscutils/lib.a(less.o)
 .text.buffer_fill_and_print
                0x000000000040dafc       0x98 miscutils/lib.a(less.o)
 .text.reinitialize
                0x000000000040db94      0x110 miscutils/lib.a(less.o)
 .text.change_file
                0x000000000040dca4       0xcc miscutils/lib.a(less.o)
 .text.buffer_down
                0x000000000040dd70       0xb0 miscutils/lib.a(less.o)
 .text.buffer_up
                0x000000000040de20       0x58 miscutils/lib.a(less.o)
 .text.buffer_line
                0x000000000040de78       0x8c miscutils/lib.a(less.o)
 .text.getch_nowait
                0x000000000040df04      0x19c miscutils/lib.a(less.o)
 .text.less_getch
                0x000000000040e0a0       0x98 miscutils/lib.a(less.o)
 .text.less_gets
                0x000000000040e138      0x154 miscutils/lib.a(less.o)
 .text.examine_file
                0x000000000040e28c      0x108 miscutils/lib.a(less.o)
 .text.less_main
                0x000000000040e394      0x9c8 miscutils/lib.a(less.o)
                0x000000000040e394                less_main
 .text.strings_main
                0x000000000040ed5c      0x26c miscutils/lib.a(strings.o)
                0x000000000040ed5c                strings_main
 .text.check_module_name_match
                0x000000000040efc8       0x9c modutils/lib.a(insmod.o)
 .text.insmod_main
                0x000000000040f064      0x294 modutils/lib.a(insmod.o)
                0x000000000040f064                insmod_main
 .text.lsmod_main
                0x000000000040f2f8      0x1d8 modutils/lib.a(lsmod.o)
                0x000000000040f2f8                lsmod_main
 .text.read_config
                0x000000000040f4d0       0x48 modutils/lib.a(modprobe.o)
 .text.gather_options_str
                0x000000000040f518       0xc8 modutils/lib.a(modprobe.o)
 .text.helper_get_module
                0x000000000040f5e0       0xdc modutils/lib.a(modprobe.o)
 .text.add_probe
                0x000000000040f6bc       0x98 modutils/lib.a(modprobe.o)
 .text.do_modprobe
                0x000000000040f754      0x368 modutils/lib.a(modprobe.o)
 .text.config_file_action
                0x000000000040fabc      0x2a0 modutils/lib.a(modprobe.o)
 .text.modprobe_main
                0x000000000040fd5c      0x564 modutils/lib.a(modprobe.o)
                0x000000000040fd5c                modprobe_main
 .text.string_to_llist
                0x00000000004102c0       0xcc modutils/lib.a(modutils.o)
                0x00000000004102c0                string_to_llist
 .text.filename2modname
                0x000000000041038c       0xb4 modutils/lib.a(modutils.o)
                0x000000000041038c                filename2modname
 .text.parse_cmdline_module_options
                0x0000000000410440       0xcc modutils/lib.a(modutils.o)
                0x0000000000410440                parse_cmdline_module_options
 .text.bb_init_module
                0x000000000041050c       0xbc modutils/lib.a(modutils.o)
                0x000000000041050c                bb_init_module
 .text.bb_delete_module
                0x00000000004105c8       0x44 modutils/lib.a(modutils.o)
                0x00000000004105c8                bb_delete_module
 .text.moderror
                0x000000000041060c       0x94 modutils/lib.a(modutils.o)
                0x000000000041060c                moderror
 .text.rmmod_main
                0x00000000004106a0      0x178 modutils/lib.a(rmmod.o)
                0x00000000004106a0                rmmod_main
 .text.arp_show
                0x0000000000410818      0x400 networking/lib.a(arp.o)
 .text.arp_main
                0x0000000000410c18      0x7f8 networking/lib.a(arp.o)
                0x0000000000410c18                arp_main
 .text.finish   0x0000000000411410       0xe4 networking/lib.a(arping.o)
 .text.catcher  0x00000000004114f4      0x254 networking/lib.a(arping.o)
 .text.arping_main
                0x0000000000411748      0xa3c networking/lib.a(arping.o)
                0x0000000000411748                arping_main
 .text.ether_wake_main
                0x0000000000412184      0x3b8 networking/lib.a(ether-wake.o)
                0x0000000000412184                ether_wake_main
 .text.ifconfig_main
                0x000000000041253c      0x624 networking/lib.a(ifconfig.o)
                0x000000000041253c                ifconfig_main
 .text.UNSPEC_print
                0x0000000000412b60       0xb8 networking/lib.a(interface.o)
 .text.UNSPEC_sprint
                0x0000000000412c18       0x40 networking/lib.a(interface.o)
 .text.INET6_input
                0x0000000000412c58       0x18 networking/lib.a(interface.o)
 .text.INET6_sprint
                0x0000000000412c70       0x8c networking/lib.a(interface.o)
 .text.INET_input
                0x0000000000412cfc       0x18 networking/lib.a(interface.o)
 .text.INET_sprint
                0x0000000000412d14       0x90 networking/lib.a(interface.o)
 .text.ether_print
                0x0000000000412da4       0x88 networking/lib.a(interface.o)
 .text.add_interface
                0x0000000000412e2c       0xe4 networking/lib.a(interface.o)
 .text.if_readconf
                0x0000000000412f10      0x154 networking/lib.a(interface.o)
 .text.if_readlist_proc
                0x0000000000413064      0x348 networking/lib.a(interface.o)
 .text.do_if_fetch
                0x00000000004133ac      0x458 networking/lib.a(interface.o)
 .text.print_bytes_scaled
                0x0000000000413804       0xa8 networking/lib.a(interface.o)
 .text.ether_input
                0x00000000004138ac      0x10c networking/lib.a(interface.o)
 .text.get_aftype
                0x00000000004139b8       0x74 networking/lib.a(interface.o)
                0x00000000004139b8                get_aftype
 .text.get_hwtype
                0x0000000000413a2c       0x74 networking/lib.a(interface.o)
                0x0000000000413a2c                get_hwtype
 .text.get_hwntype
                0x0000000000413aa0       0x34 networking/lib.a(interface.o)
                0x0000000000413aa0                get_hwntype
 .text.ife_print
                0x0000000000413ad4      0x808 networking/lib.a(interface.o)
 .text.display_interfaces
                0x00000000004142dc      0x17c networking/lib.a(interface.o)
                0x00000000004142dc                display_interfaces
 .text.unix_do_one
                0x0000000000414458      0x32c networking/lib.a(netstat.o)
 .text.build_ipv6_addr
                0x0000000000414784       0xa4 networking/lib.a(netstat.o)
 .text.ip_port_str
                0x0000000000414828       0xe8 networking/lib.a(netstat.o)
 .text.print_inet_line
                0x0000000000414910      0x144 networking/lib.a(netstat.o)
 .text.do_info  0x0000000000414a54      0x140 networking/lib.a(netstat.o)
 .text.scan_inet_proc_line
                0x0000000000414b94      0x134 networking/lib.a(netstat.o)
 .text.raw_do_one
                0x0000000000414cc8       0xe0 networking/lib.a(netstat.o)
 .text.udp_do_one
                0x0000000000414da8       0xec networking/lib.a(netstat.o)
 .text.tcp_do_one
                0x0000000000414e94       0x90 networking/lib.a(netstat.o)
 .text.netstat_main
                0x0000000000414f24      0x358 networking/lib.a(netstat.o)
                0x0000000000414f24                netstat_main
 .text.set_default_dns
                0x000000000041527c       0xa8 networking/lib.a(nslookup.o)
 .text.print_host
                0x0000000000415324      0x174 networking/lib.a(nslookup.o)
 .text.nslookup_main
                0x0000000000415498      0x108 networking/lib.a(nslookup.o)
                0x0000000000415498                nslookup_main
 .text.sendping_tail
                0x00000000004155a0      0x198 networking/lib.a(ping.o)
 .text.sendping6
                0x0000000000415738       0xc0 networking/lib.a(ping.o)
 .text.sendping4
                0x00000000004157f8      0x108 networking/lib.a(ping.o)
 .text.unpack_tail
                0x0000000000415900      0x1f0 networking/lib.a(ping.o)
 .text.print_stats_and_exit
                0x0000000000415af0      0x1e8 networking/lib.a(ping.o)
 .text.common_ping_main
                0x0000000000415cd8      0xd68 networking/lib.a(ping.o)
 .text.ping_main
                0x0000000000416a40       0x28 networking/lib.a(ping.o)
                0x0000000000416a40                ping_main
 .text.ping6_main
                0x0000000000416a68       0x28 networking/lib.a(ping.o)
                0x0000000000416a68                ping6_main
 .text.set_flags
                0x0000000000416a90       0x64 networking/lib.a(route.o)
 .text.kw_lookup
                0x0000000000416af4       0xc4 networking/lib.a(route.o)
 .text.INET6_displayroutes
                0x0000000000416bb8      0x2d4 networking/lib.a(route.o)
 .text.INET6_setroute
                0x0000000000416e8c      0x370 networking/lib.a(route.o)
 .text.INET_setroute
                0x00000000004171fc      0x4d0 networking/lib.a(route.o)
 .text.bb_displayroutes
                0x00000000004176cc      0x2b4 networking/lib.a(route.o)
                0x00000000004176cc                bb_displayroutes
 .text.route_main
                0x0000000000417980      0x1e0 networking/lib.a(route.o)
                0x0000000000417980                route_main
 .text.handle_sigchld
                0x0000000000417b60       0xa8 networking/lib.a(telnetd.o)
 .text.make_new_session
                0x0000000000417c08      0x434 networking/lib.a(telnetd.o)
 .text.free_session
                0x000000000041803c      0x120 networking/lib.a(telnetd.o)
 .text.telnetd_main
                0x000000000041815c      0x974 networking/lib.a(telnetd.o)
                0x000000000041815c                telnetd_main
 .text.tftp_main
                0x0000000000418ad0      0x624 networking/lib.a(tftp.o)
                0x0000000000418ad0                tftp_main
 .text.pr_type  0x00000000004190f4       0x80 networking/lib.a(traceroute.o)
 .text.common_traceroute_main
                0x0000000000419174     0x1558 networking/lib.a(traceroute.o)
 .text.traceroute_main
                0x000000000041a6cc       0x1c networking/lib.a(traceroute.o)
                0x000000000041a6cc                traceroute_main
 .text.traceroute6_main
                0x000000000041a6e8       0x1c networking/lib.a(traceroute.o)
                0x000000000041a6e8                traceroute6_main
 .text.xfind_str
                0x000000000041a704       0x74 networking/lib.a(vconfig.o)
 .text.vconfig_main
                0x000000000041a778      0x1d4 networking/lib.a(vconfig.o)
                0x000000000041a778                vconfig_main
 .text.zcip_shutdown
                0x000000000041a94c       0x48 networking/lib.a(zcip.o)
 .text.pick_nip
                0x000000000041a994       0x60 networking/lib.a(zcip.o)
 .text.arp      0x000000000041a9f4      0x13c networking/lib.a(zcip.o)
 .text.run      0x000000000041ab30      0x118 networking/lib.a(zcip.o)
 .text.zcip_main
                0x000000000041ac48      0x820 networking/lib.a(zcip.o)
                0x000000000041ac48                zcip_main
 .text.alloc_dhcp_option
                0x000000000041b468       0xb4 networking/udhcp/lib.a(dhcpc.o)
 .text.init_packet
                0x000000000041b51c      0x100 networking/udhcp/lib.a(dhcpc.o)
 .text.add_client_options
                0x000000000041b61c      0x1b0 networking/udhcp/lib.a(dhcpc.o)
 .text.raw_bcast_from_client_config_ifindex
                0x000000000041b7cc       0x54 networking/udhcp/lib.a(dhcpc.o)
 .text.send_discover
                0x000000000041b820       0xbc networking/udhcp/lib.a(dhcpc.o)
 .text.send_select
                0x000000000041b8dc       0xf0 networking/udhcp/lib.a(dhcpc.o)
 .text.send_decline
                0x000000000041b9cc       0xb8 networking/udhcp/lib.a(dhcpc.o)
 .text.send_renew
                0x000000000041ba84       0xdc networking/udhcp/lib.a(dhcpc.o)
 .text.udhcp_recv_raw_packet
                0x000000000041bb60      0x230 networking/udhcp/lib.a(dhcpc.o)
 .text.client_background
                0x000000000041bd90       0x54 networking/udhcp/lib.a(dhcpc.o)
 .text.sprint_nip
                0x000000000041bde4       0x58 networking/udhcp/lib.a(dhcpc.o)
 .text.change_listen_mode
                0x000000000041be3c      0x134 networking/udhcp/lib.a(dhcpc.o)
 .text.xmalloc_optname_optval.isra.0
                0x000000000041bf70      0x414 networking/udhcp/lib.a(dhcpc.o)
 .text.udhcp_run_script
                0x000000000041c384      0x510 networking/udhcp/lib.a(dhcpc.o)
 .text.send_release
                0x000000000041c894       0xd0 networking/udhcp/lib.a(dhcpc.o)
 .text.perform_release
                0x000000000041c964      0x124 networking/udhcp/lib.a(dhcpc.o)
 .text.udhcpc_main
                0x000000000041ca88      0xf6c networking/udhcp/lib.a(dhcpc.o)
                0x000000000041ca88                udhcpc_main
 .text.udhcp_init_header
                0x000000000041d9f4       0xb8 networking/udhcp/lib.a(packet.o)
                0x000000000041d9f4                udhcp_init_header
 .text.udhcp_recv_kernel_packet
                0x000000000041daac       0xa4 networking/udhcp/lib.a(packet.o)
                0x000000000041daac                udhcp_recv_kernel_packet
 .text.udhcp_send_raw_packet
                0x000000000041db50      0x2c8 networking/udhcp/lib.a(packet.o)
                0x000000000041db50                udhcp_send_raw_packet
 .text.udhcp_send_kernel_packet
                0x000000000041de18      0x1ac networking/udhcp/lib.a(packet.o)
                0x000000000041de18                udhcp_send_kernel_packet
 .text.signal_handler
                0x000000000041dfc4       0x5c networking/udhcp/lib.a(signalpipe.o)
 .text.udhcp_sp_setup
                0x000000000041e020       0x90 networking/udhcp/lib.a(signalpipe.o)
                0x000000000041e020                udhcp_sp_setup
 .text.udhcp_sp_fd_set
                0x000000000041e0b0       0xc8 networking/udhcp/lib.a(signalpipe.o)
                0x000000000041e0b0                udhcp_sp_fd_set
 .text.udhcp_sp_read
                0x000000000041e178       0x74 networking/udhcp/lib.a(signalpipe.o)
                0x000000000041e178                udhcp_sp_read
 .text.udhcp_read_interface
                0x000000000041e1ec      0x1bc networking/udhcp/lib.a(socket.o)
                0x000000000041e1ec                udhcp_read_interface
 .text.udhcp_listen_socket
                0x000000000041e3a8      0x120 networking/udhcp/lib.a(socket.o)
                0x000000000041e3a8                udhcp_listen_socket
 .text.arpping  0x000000000041e4c8      0x2d4 networking/udhcp/lib.a(arpping.o)
                0x000000000041e4c8                arpping
 .text.udhcp_option_idx
                0x000000000041e79c       0x90 networking/udhcp/lib.a(common.o)
                0x000000000041e79c                udhcp_option_idx
 .text.udhcp_get_option
                0x000000000041e82c       0xec networking/udhcp/lib.a(common.o)
                0x000000000041e82c                udhcp_get_option
 .text.udhcp_end_option
                0x000000000041e918       0x3c networking/udhcp/lib.a(common.o)
                0x000000000041e918                udhcp_end_option
 .text.udhcp_add_binary_option
                0x000000000041e954       0xa4 networking/udhcp/lib.a(common.o)
                0x000000000041e954                udhcp_add_binary_option
 .text.udhcp_add_simple_option
                0x000000000041e9f8       0xa0 networking/udhcp/lib.a(common.o)
                0x000000000041e9f8                udhcp_add_simple_option
 .text.udhcp_find_option
                0x000000000041ea98       0x40 networking/udhcp/lib.a(common.o)
                0x000000000041ea98                udhcp_find_option
 .text.attach_option
                0x000000000041ead8      0x214 networking/udhcp/lib.a(common.o)
 .text.udhcp_str2nip
                0x000000000041ecec       0x88 networking/udhcp/lib.a(common.o)
                0x000000000041ecec                udhcp_str2nip
 .text.udhcp_str2optset
                0x000000000041ed74      0x368 networking/udhcp/lib.a(common.o)
                0x000000000041ed74                udhcp_str2optset
 .text.sprint_nip6
                0x000000000041f0dc       0x9c networking/udhcp/lib.a(common.o)
                0x000000000041f0dc                sprint_nip6
 .text.free_main
                0x000000000041f178      0x1b0 procps/lib.a(free.o)
                0x000000000041f178                free_main
 .text.kill_main
                0x000000000041f328      0x424 procps/lib.a(kill.o)
                0x000000000041f328                kill_main
 .text.pidof_main
                0x000000000041f74c      0x118 procps/lib.a(pidof.o)
                0x000000000041f74c                pidof_main
 .text.ps_main  0x000000000041f864      0x1f8 procps/lib.a(ps.o)
                0x000000000041f864                ps_main
 .text.renice_main
                0x000000000041fa5c      0x234 procps/lib.a(renice.o)
                0x000000000041fa5c                renice_main
 .text.pid_sort
                0x000000000041fc90       0x10 procps/lib.a(top.o)
 .text.mem_sort
                0x000000000041fca0       0x24 procps/lib.a(top.o)
 .text.pcpu_sort
                0x000000000041fcc4       0x10 procps/lib.a(top.o)
 .text.time_sort
                0x000000000041fcd4       0x24 procps/lib.a(top.o)
 .text.mult_lvl_cmp
                0x000000000041fcf8       0x90 procps/lib.a(top.o)
 .text.topmem_sort
                0x000000000041fd88       0x60 procps/lib.a(top.o)
 .text.fmt_100percent_8
                0x000000000041fde8       0xd8 procps/lib.a(top.o)
 .text.sig_catcher
                0x000000000041fec0       0x38 procps/lib.a(top.o)
 .text.display_process_list
                0x000000000041fef8      0x87c procps/lib.a(top.o)
 .text.display_topmem_header
                0x0000000000420774      0x24c procps/lib.a(top.o)
 .text.ulltoa6_and_space
                0x00000000004209c0       0x48 procps/lib.a(top.o)
 .text.display_topmem_process_list
                0x0000000000420a08      0x25c procps/lib.a(top.o)
 .text.clearmems
                0x0000000000420c64       0x60 procps/lib.a(top.o)
 .text.read_cpu_jiffy
                0x0000000000420cc4      0x1a4 procps/lib.a(top.o)
 .text.get_jiffy_counts
                0x0000000000420e68      0x204 procps/lib.a(top.o)
 .text.do_stats
                0x000000000042106c      0x154 procps/lib.a(top.o)
 .text.top_main
                0x00000000004211c0      0x7f4 procps/lib.a(top.o)
                0x00000000004211c0                top_main
 .text.uptime_main
                0x00000000004219b4      0x194 procps/lib.a(uptime.o)
                0x00000000004219b4                uptime_main
 .text.watch_main
                0x0000000000421b48      0x1e8 procps/lib.a(watch.o)
                0x0000000000421b48                watch_main
 .text.isdigit_str9
                0x0000000000421d30       0x38 shell/lib.a(ash.o)
 .text.var_end  0x0000000000421d68       0x24 shell/lib.a(ash.o)
 .text.stunalloc
                0x0000000000421d8c       0x30 shell/lib.a(ash.o)
 .text.setstackmark
                0x0000000000421dbc       0x3c shell/lib.a(ash.o)
 .text.prefix   0x0000000000421df8       0x2c shell/lib.a(ash.o)
 .text.endofname
                0x0000000000421e24       0x70 shell/lib.a(ash.o)
 .text.varcmp   0x0000000000421e94       0x4c shell/lib.a(ash.o)
 .text.hashvar  0x0000000000421ee0       0x5c shell/lib.a(ash.o)
 .text.vpcmp    0x0000000000421f3c       0x20 shell/lib.a(ash.o)
 .text.findvar  0x0000000000421f5c       0x7c shell/lib.a(ash.o)
 .text.lookupvar
                0x0000000000421fd8       0x8c shell/lib.a(ash.o)
 .text.bltinlookup
                0x0000000000422064       0x98 shell/lib.a(ash.o)
 .text.setprompt
                0x00000000004220fc       0x60 shell/lib.a(ash.o)
 .text.getstatus
                0x000000000042215c       0x68 shell/lib.a(ash.o)
 .text.is_hidden_fd
                0x00000000004221c4       0x94 shell/lib.a(ash.o)
 .text.falsecmd
                0x0000000000422258        0x8 shell/lib.a(ash.o)
 .text.truecmd  0x0000000000422260        0x8 shell/lib.a(ash.o)
 .text.bltincmd
                0x0000000000422268       0x18 shell/lib.a(ash.o)
 .text.pungetc  0x0000000000422280       0x30 shell/lib.a(ash.o)
 .text.pushfile
                0x00000000004222b0       0x4c shell/lib.a(ash.o)
 .text.freealias
                0x00000000004222fc       0x88 shell/lib.a(ash.o)
 .text.freeparam
                0x0000000000422384       0x74 shell/lib.a(ash.o)
 .text.freefunc
                0x00000000004223f8       0x38 shell/lib.a(ash.o)
 .text.ignoresig
                0x0000000000422430       0x64 shell/lib.a(ash.o)
 .text.raise_exception
                0x0000000000422494       0x48 shell/lib.a(ash.o)
 .text.raise_interrupt
                0x00000000004224dc       0xa4 shell/lib.a(ash.o)
 .text.int_on   0x0000000000422580       0x58 shell/lib.a(ash.o)
 .text.clearcmdentry
                0x00000000004225d8       0xe8 shell/lib.a(ash.o)
 .text.changepath
                0x00000000004226c0      0x170 shell/lib.a(ash.o)
 .text.popstackmark
                0x0000000000422830       0xc4 shell/lib.a(ash.o)
 .text.recordregion
                0x00000000004228f4       0xc0 shell/lib.a(ash.o)
 .text.removerecordregions
                0x00000000004229b4      0x184 shell/lib.a(ash.o)
 .text.freejob  0x0000000000422b38      0x100 shell/lib.a(ash.o)
 .text.delete_cmd_entry
                0x0000000000422c38       0x8c shell/lib.a(ash.o)
 .text.force_int_on
                0x0000000000422cc4       0x4c shell/lib.a(ash.o)
 .text.signal_handler
                0x0000000000422d10       0x80 shell/lib.a(ash.o)
 .text.__lookupalias
                0x0000000000422d90       0xa8 shell/lib.a(ash.o)
 .text.unalias  0x0000000000422e38       0x8c shell/lib.a(ash.o)
 .text.popstring
                0x0000000000422ec4      0x120 shell/lib.a(ash.o)
 .text.popfile  0x0000000000422fe4       0xbc shell/lib.a(ash.o)
 .text.msort    0x00000000004230a0      0x118 shell/lib.a(ash.o)
 .text.pstrcmp  0x00000000004231b8       0x1c shell/lib.a(ash.o)
 .text.flush_stdout_stderr
                0x00000000004231d4       0x50 shell/lib.a(ash.o)
 .text.SIT      0x0000000000423224       0xd4 shell/lib.a(ash.o)
 .text.setparam
                0x00000000004232f8       0xdc shell/lib.a(ash.o)
 .text.setinputstring
                0x00000000004233d4       0x88 shell/lib.a(ash.o)
 .text.calcsize
                0x000000000042345c      0x180 shell/lib.a(ash.o)
 .text.sizenodelist
                0x00000000004235dc       0x6c shell/lib.a(ash.o)
 .text.pushstring
                0x0000000000423648       0xe0 shell/lib.a(ash.o)
 .text.out1fmt  0x0000000000423728       0x6c shell/lib.a(ash.o)
 .text.setsignal
                0x0000000000423794      0x1c8 shell/lib.a(ash.o)
 .text.optschanged
                0x000000000042395c       0x84 shell/lib.a(ash.o)
 .text.fmtstr   0x00000000004239e0       0x68 shell/lib.a(ash.o)
 .text.scanleft
                0x0000000000423a48       0xc4 shell/lib.a(ash.o)
 .text.scanright
                0x0000000000423b0c      0x118 shell/lib.a(ash.o)
 .text.makejob  0x0000000000423c24      0x1b8 shell/lib.a(ash.o)
 .text.out2str  0x0000000000423ddc       0x6c shell/lib.a(ash.o)
 .text.stoppedjobs
                0x0000000000423e48       0x7c shell/lib.a(ash.o)
 .text.cmdlookup
                0x0000000000423ec4      0x110 shell/lib.a(ash.o)
 .text.nodeckstrdup
                0x0000000000423fd4       0x78 shell/lib.a(ash.o)
 .text.copynode
                0x000000000042404c      0x1d0 shell/lib.a(ash.o)
 .text.copynodelist
                0x000000000042421c       0x94 shell/lib.a(ash.o)
 .text.find_builtin
                0x00000000004242b0       0x48 shell/lib.a(ash.o)
 .text.ulimitcmd
                0x00000000004242f8       0x18 shell/lib.a(ash.o)
 .text.timescmd
                0x0000000000424310       0xfc shell/lib.a(ash.o)
 .text.tryexec  0x000000000042440c      0x14c shell/lib.a(ash.o)
 .text.errmsg   0x0000000000424558       0x34 shell/lib.a(ash.o)
 .text.noclobberopen
                0x000000000042458c      0x130 shell/lib.a(ash.o)
 .text.evalbltin.isra.1
                0x00000000004246bc      0x13c shell/lib.a(ash.o)
 .text.dowait   0x00000000004247f8      0x1f0 shell/lib.a(ash.o)
 .text.waitforjob
                0x00000000004249e8       0xb0 shell/lib.a(ash.o)
 .text.blocking_wait_with_raise_on_sig
                0x0000000000424a98       0x64 shell/lib.a(ash.o)
 .text.outcslow.constprop.7
                0x0000000000424afc       0xb0 shell/lib.a(ash.o)
 .text.ash_vmsg
                0x0000000000424bac      0x120 shell/lib.a(ash.o)
 .text.ash_msg_and_raise_error
                0x0000000000424ccc       0x64 shell/lib.a(ash.o)
 .text.copyfd   0x0000000000424d30       0x94 shell/lib.a(ash.o)
 .text.popredir
                0x0000000000424dc4      0x1b0 shell/lib.a(ash.o)
 .text.clearredir
                0x0000000000424f74       0x70 shell/lib.a(ash.o)
 .text.raise_error_syntax
                0x0000000000424fe4       0x30 shell/lib.a(ash.o)
 .text.nextopt  0x0000000000425014      0x130 shell/lib.a(ash.o)
 .text.unaliascmd
                0x0000000000425144      0x16c shell/lib.a(ash.o)
 .text.cdopt    0x00000000004252b0       0x80 shell/lib.a(ash.o)
 .text.stalloc  0x0000000000425330       0xf8 shell/lib.a(ash.o)
 .text.ststrdup
                0x0000000000425428       0x6c shell/lib.a(ash.o)
 .text.stzalloc
                0x0000000000425494       0x50 shell/lib.a(ash.o)
 .text.addfname
                0x00000000004254e4       0x7c shell/lib.a(ash.o)
 .text.expmeta  0x0000000000425560      0x370 shell/lib.a(ash.o)
 .text.makename
                0x00000000004258d0       0x58 shell/lib.a(ash.o)
 .text.setvareq
                0x0000000000425928      0x1a0 shell/lib.a(ash.o)
 .text.listsetvar
                0x0000000000425ac8       0x9c shell/lib.a(ash.o)
 .text.setvar   0x0000000000425b64      0x16c shell/lib.a(ash.o)
 .text.setvar2  0x0000000000425cd0       0x1c shell/lib.a(ash.o)
 .text.unsetvar
                0x0000000000425cec      0x12c shell/lib.a(ash.o)
 .text.unsetcmd
                0x0000000000425e18      0x118 shell/lib.a(ash.o)
 .text.localcmd
                0x0000000000425f30      0x1e8 shell/lib.a(ash.o)
 .text.setpwd   0x0000000000426118      0x160 shell/lib.a(ash.o)
 .text.pwdcmd   0x0000000000426278       0x98 shell/lib.a(ash.o)
 .text.setinputfile
                0x0000000000426310      0x164 shell/lib.a(ash.o)
 .text.forkchild
                0x0000000000426474      0x2dc shell/lib.a(ash.o)
 .text.growstackblock
                0x0000000000426750      0x17c shell/lib.a(ash.o)
 .text.makestrspace
                0x00000000004268cc       0x88 shell/lib.a(ash.o)
 .text.memtodest
                0x0000000000426954      0x110 shell/lib.a(ash.o)
 .text.stack_putstr
                0x0000000000426a64       0x7c shell/lib.a(ash.o)
 .text.single_quote
                0x0000000000426ae0      0x144 shell/lib.a(ash.o)
 .text.printalias
                0x0000000000426c24       0x5c shell/lib.a(ash.o)
 .text.aliascmd
                0x0000000000426c80      0x22c shell/lib.a(ash.o)
 .text.cvtnum   0x0000000000426eac       0x84 shell/lib.a(ash.o)
 .text.rmescapes
                0x0000000000426f30      0x1fc shell/lib.a(ash.o)
 .text.growstackstr
                0x000000000042712c       0x80 shell/lib.a(ash.o)
 .text._STPUTC  0x00000000004271ac       0x5c shell/lib.a(ash.o)
 .text.varvalue
                0x0000000000427208      0x478 shell/lib.a(ash.o)
 .text.listvars
                0x0000000000427680      0x128 shell/lib.a(ash.o)
 .text.showvars
                0x00000000004277a8      0x148 shell/lib.a(ash.o)
 .text.exportcmd
                0x00000000004278f0      0x1a4 shell/lib.a(ash.o)
 .text.path_advance
                0x0000000000427a94      0x1c4 shell/lib.a(ash.o)
 .text.number   0x0000000000427c58       0x68 shell/lib.a(ash.o)
 .text.shiftcmd
                0x0000000000427cc0       0xf8 shell/lib.a(ash.o)
 .text.returncmd
                0x0000000000427db8       0x4c shell/lib.a(ash.o)
 .text.exitcmd  0x0000000000427e04       0x7c shell/lib.a(ash.o)
 .text.breakcmd
                0x0000000000427e80       0xc8 shell/lib.a(ash.o)
 .text.ash_arith
                0x0000000000427f48       0xf8 shell/lib.a(ash.o)
 .text.letcmd   0x0000000000428040       0x74 shell/lib.a(ash.o)
 .text.umaskcmd
                0x00000000004280b4      0x264 shell/lib.a(ash.o)
 .text.readcmd  0x0000000000428318      0x16c shell/lib.a(ash.o)
 .text.cdcmd    0x0000000000428484      0x504 shell/lib.a(ash.o)
 .text.ash_msg  0x0000000000428988       0x48 shell/lib.a(ash.o)
 .text.options  0x00000000004289d0      0x374 shell/lib.a(ash.o)
 .text.setcmd   0x0000000000428d44       0xd8 shell/lib.a(ash.o)
 .text.trapcmd  0x0000000000428e1c      0x224 shell/lib.a(ash.o)
 .text.raise_error_unexpected_syntax
                0x0000000000429040      0x108 shell/lib.a(ash.o)
 .text.forkshell
                0x0000000000429148      0x184 shell/lib.a(ash.o)
 .text.waitcmd  0x00000000004292cc      0x33c shell/lib.a(ash.o)
 .text.argstr   0x0000000000429608      0x818 shell/lib.a(ash.o)
 .text.expandarg
                0x0000000000429e20      0x56c shell/lib.a(ash.o)
 .text.redirect
                0x000000000042a38c      0x698 shell/lib.a(ash.o)
 .text.redirectsafe
                0x000000000042aa24       0xe8 shell/lib.a(ash.o)
 .text.expredir
                0x000000000042ab0c      0x19c shell/lib.a(ash.o)
 .text.evaltree
                0x000000000042aca8      0x524 shell/lib.a(ash.o)
 .text.evalstring
                0x000000000042b1cc      0x10c shell/lib.a(ash.o)
 .text.evalcmd  0x000000000042b2d8       0xf4 shell/lib.a(ash.o)
 .text.exitshell
                0x000000000042b3cc       0xc4 shell/lib.a(ash.o)
 .text.pgetc    0x000000000042b490      0x364 shell/lib.a(ash.o)
 .text.pgetc_without_PEOA
                0x000000000042b7f4       0x4c shell/lib.a(ash.o)
 .text.readtoken1
                0x000000000042b840     0x1420 shell/lib.a(ash.o)
 .text.xxreadtoken
                0x000000000042cc60      0x2cc shell/lib.a(ash.o)
 .text.parseheredoc
                0x000000000042cf2c      0x104 shell/lib.a(ash.o)
 .text.readtoken
                0x000000000042d030      0x1a4 shell/lib.a(ash.o)
 .text.parsefname
                0x000000000042d1d4      0x22c shell/lib.a(ash.o)
 .text.list     0x000000000042d400      0x2f4 shell/lib.a(ash.o)
 .text.parse_command
                0x000000000042d6f4      0x968 shell/lib.a(ash.o)
 .text.pipeline
                0x000000000042e05c      0x1a4 shell/lib.a(ash.o)
 .text.parsecmd
                0x000000000042e200       0xac shell/lib.a(ash.o)
 .text.evalloop
                0x000000000042e2ac      0x17c shell/lib.a(ash.o)
 .text.evalfun  0x000000000042e428      0x308 shell/lib.a(ash.o)
 .text.cmdloop  0x000000000042e730      0x16c shell/lib.a(ash.o)
 .text.read_profile
                0x000000000042e89c       0x80 shell/lib.a(ash.o)
 .text.dotcmd   0x000000000042e91c      0x22c shell/lib.a(ash.o)
 .text.find_command
                0x000000000042eb48      0x528 shell/lib.a(ash.o)
 .text.evalpipe
                0x000000000042f070      0x2a4 shell/lib.a(ash.o)
 .text.hashcmd  0x000000000042f314      0x254 shell/lib.a(ash.o)
 .text.evalsubshell
                0x000000000042f568      0x164 shell/lib.a(ash.o)
 .text.evalfor  0x000000000042f6cc      0x1b8 shell/lib.a(ash.o)
 .text.subevalvar
                0x000000000042f884      0x724 shell/lib.a(ash.o)
 .text.evalvar  0x000000000042ffa8      0x3cc shell/lib.a(ash.o)
 .text.evalcase
                0x0000000000430374      0x208 shell/lib.a(ash.o)
 .text.ash_msg_and_raise.constprop.6
                0x000000000043057c       0x64 shell/lib.a(ash.o)
 .text.shellexec
                0x00000000004305e0      0x1bc shell/lib.a(ash.o)
 .text.execcmd  0x000000000043079c       0x80 shell/lib.a(ash.o)
 .text.evalcommand
                0x000000000043081c      0x680 shell/lib.a(ash.o)
 .text.out1str  0x0000000000430e9c       0x58 shell/lib.a(ash.o)
 .text.typecmd  0x0000000000430ef4      0x370 shell/lib.a(ash.o)
 .text.ash_main
                0x0000000000431264      0x79c shell/lib.a(ash.o)
                0x0000000000431264                ash_main
 .text.arith    0x0000000000431a00      0x3f8 shell/lib.a(math.o)
                0x0000000000431a00                arith
 .text.arith_lookup_val
                0x0000000000431df8       0xf0 shell/lib.a(math.o)
 .text.arith_apply
                0x0000000000431ee8      0x410 shell/lib.a(math.o)
 .text.printlim.isra.0
                0x00000000004322f8       0x94 shell/lib.a(shell_common.o)
 .text.is_well_formed_var_name
                0x000000000043238c       0x6c shell/lib.a(shell_common.o)
                0x000000000043238c                is_well_formed_var_name
 .text.shell_builtin_read
                0x00000000004323f8      0x5b4 shell/lib.a(shell_common.o)
                0x00000000004323f8                shell_builtin_read
 .text.shell_builtin_ulimit
                0x00000000004329ac      0x2e8 shell/lib.a(shell_common.o)
                0x00000000004329ac                shell_builtin_ulimit
 .text.klogd_signal
                0x0000000000432c94       0x74 sysklogd/lib.a(klogd.o)
 .text.klogd_main
                0x0000000000432d08      0x2cc sysklogd/lib.a(klogd.o)
                0x0000000000432d08                klogd_main
 .text.create_socket
                0x0000000000432fd4      0x11c sysklogd/lib.a(syslogd_and_logger.o)
 .text.timestamp_and_log
                0x00000000004330f0      0x42c sysklogd/lib.a(syslogd_and_logger.o)
 .text.timestamp_and_log_internal
                0x000000000043351c       0x3c sysklogd/lib.a(syslogd_and_logger.o)
 .text.decode   0x0000000000433558       0x94 sysklogd/lib.a(syslogd_and_logger.o)
 .text.syslogd_main
                0x00000000004335ec      0x5d4 sysklogd/lib.a(syslogd_and_logger.o)
                0x00000000004335ec                syslogd_main
 .text.logger_main
                0x0000000000433bc0      0x35c sysklogd/lib.a(syslogd_and_logger.o)
                0x0000000000433bc0                logger_main
 .text.blkid_main
                0x0000000000433f1c       0x34 util-linux/lib.a(blkid.o)
                0x0000000000433f1c                blkid_main
 .text.dmesg_main
                0x0000000000433f50      0x1fc util-linux/lib.a(dmesg.o)
                0x0000000000433f50                dmesg_main
 .text.partition_type
                0x000000000043414c       0x40 util-linux/lib.a(fdisk.o)
 .text.is_cleared_partition
                0x000000000043418c       0x24 util-linux/lib.a(fdisk.o)
 .text.set_hsc_start_end
                0x00000000004341b0      0x148 util-linux/lib.a(fdisk.o)
 .text.update_units
                0x00000000004342f8       0x40 util-linux/lib.a(fdisk.o)
 .text.close_dev_fd
                0x0000000000434338       0x44 util-linux/lib.a(fdisk.o)
 .text.list_disk_geometry
                0x000000000043437c      0x17c util-linux/lib.a(fdisk.o)
 .text.is_ide_cdrom_or_tape
                0x00000000004344f8      0x148 util-linux/lib.a(fdisk.o)
 .text.warn_geometry
                0x0000000000434640       0xd4 util-linux/lib.a(fdisk.o)
 .text.fdisk_fatal
                0x0000000000434714       0x5c util-linux/lib.a(fdisk.o)
 .text.clear_partition
                0x0000000000434770       0x28 util-linux/lib.a(fdisk.o)
 .text.seek_sector
                0x0000000000434798       0x70 util-linux/lib.a(fdisk.o)
 .text.read4_little_endian
                0x0000000000434808       0x44 util-linux/lib.a(fdisk.o)
 .text.get_partition_start_from_dev_start
                0x000000000043484c       0x48 util-linux/lib.a(fdisk.o)
 .text.fill_bounds
                0x0000000000434894      0x11c util-linux/lib.a(fdisk.o)
 .text.store4_little_endian
                0x00000000004349b0       0x40 util-linux/lib.a(fdisk.o)
 .text.delete_partition
                0x00000000004349f0      0x2a8 util-linux/lib.a(fdisk.o)
 .text.read_line
                0x0000000000434c98       0xb4 util-linux/lib.a(fdisk.o)
 .text.read_nonempty
                0x0000000000434d4c       0x60 util-linux/lib.a(fdisk.o)
 .text.menu     0x0000000000434dac      0x148 util-linux/lib.a(fdisk.o)
 .text.list_types.constprop.5
                0x0000000000434ef4      0x160 util-linux/lib.a(fdisk.o)
 .text.read_int
                0x0000000000435054      0x31c util-linux/lib.a(fdisk.o)
 .text.get_partition
                0x0000000000435370       0xa8 util-linux/lib.a(fdisk.o)
 .text.get_existing_partition
                0x0000000000435418      0x110 util-linux/lib.a(fdisk.o)
 .text.get_nonexisting_partition.constprop.2
                0x0000000000435528      0x120 util-linux/lib.a(fdisk.o)
 .text.check_consistency
                0x0000000000435648      0x2e8 util-linux/lib.a(fdisk.o)
 .text.list_table.isra.0
                0x0000000000435930      0x488 util-linux/lib.a(fdisk.o)
 .text.get_boot
                0x0000000000435db8      0x8ec util-linux/lib.a(fdisk.o)
 .text.create_doslabel
                0x00000000004366a4       0xb4 util-linux/lib.a(fdisk.o)
 .text.open_list_and_close
                0x0000000000436758      0x15c util-linux/lib.a(fdisk.o)
 .text.list_devs_in_proc_partititons
                0x00000000004368b4      0x15c util-linux/lib.a(fdisk.o)
 .text.add_partition
                0x0000000000436a10      0x708 util-linux/lib.a(fdisk.o)
 .text.add_logical
                0x0000000000437118       0xb8 util-linux/lib.a(fdisk.o)
 .text.fdisk_main
                0x00000000004371d0      0xd14 util-linux/lib.a(fdisk.o)
                0x00000000004371d0                fdisk_main
 .text.flock_main
                0x0000000000437ee4      0x1e4 util-linux/lib.a(flock.o)
                0x0000000000437ee4                flock_main
 .text.minix_bit
                0x00000000004380c8       0x20 util-linux/lib.a(fsck_minix.o)
 .text.minix_setbit
                0x00000000004380e8       0x3c util-linux/lib.a(fsck_minix.o)
 .text.minix_clrbit
                0x0000000000438124       0x40 util-linux/lib.a(fsck_minix.o)
 .text.pop_filename
                0x0000000000438164       0x58 util-linux/lib.a(fsck_minix.o)
 .text.ask      0x00000000004381bc      0x1b4 util-linux/lib.a(fsck_minix.o)
 .text.check_zone_nr
                0x0000000000438370       0xdc util-linux/lib.a(fsck_minix.o)
 .text.add_zone
                0x000000000043844c      0x188 util-linux/lib.a(fsck_minix.o)
 .text.die      0x00000000004385d4       0x54 util-linux/lib.a(fsck_minix.o)
 .text.bad_zone
                0x0000000000438628       0x5c util-linux/lib.a(fsck_minix.o)
 .text.read_block
                0x0000000000438684       0xdc util-linux/lib.a(fsck_minix.o)
 .text.get_dirsize
                0x0000000000438760       0xbc util-linux/lib.a(fsck_minix.o)
 .text.write_block
                0x000000000043881c       0xdc util-linux/lib.a(fsck_minix.o)
 .text.add_zone_ind
                0x00000000004388f8       0xe0 util-linux/lib.a(fsck_minix.o)
 .text.check_zones
                0x00000000004389d8      0x190 util-linux/lib.a(fsck_minix.o)
 .text.map_block
                0x0000000000438b68      0x188 util-linux/lib.a(fsck_minix.o)
 .text.write_superblock
                0x0000000000438cf0       0xa4 util-linux/lib.a(fsck_minix.o)
 .text.push_filename
                0x0000000000438d94       0xa4 util-linux/lib.a(fsck_minix.o)
 .text.recursive_check
                0x0000000000438e38      0x528 util-linux/lib.a(fsck_minix.o)
 .text.fsck_minix_main
                0x0000000000439360      0xbe0 util-linux/lib.a(fsck_minix.o)
                0x0000000000439360                fsck_minix_main
 .text.fileAction
                0x0000000000439f40      0x314 util-linux/lib.a(lspci.o)
 .text.lspci_main
                0x000000000043a254       0x68 util-linux/lib.a(lspci.o)
                0x000000000043a254                lspci_main
 .text.fileAction
                0x000000000043a2bc      0x234 util-linux/lib.a(lsusb.o)
 .text.lsusb_main
                0x000000000043a4f0       0x50 util-linux/lib.a(lsusb.o)
                0x000000000043a4f0                lsusb_main
 .text.dirAction
                0x000000000043a540       0xac util-linux/lib.a(mdev.o)
 .text.make_device
                0x000000000043a5ec      0x274 util-linux/lib.a(mdev.o)
 .text.fileAction
                0x000000000043a860       0xb4 util-linux/lib.a(mdev.o)
 .text.mdev_main
                0x000000000043a914      0x370 util-linux/lib.a(mdev.o)
                0x000000000043a914                mdev_main
 .text.mkswap_main
                0x000000000043ac84      0x214 util-linux/lib.a(mkswap.o)
                0x000000000043ac84                mkswap_main
 .text.gotsig   0x000000000043ae98       0x54 util-linux/lib.a(more.o)
 .text.more_main
                0x000000000043aeec      0x56c util-linux/lib.a(more.o)
                0x000000000043aeec                more_main
 .text.parse_mount_options
                0x000000000043b458      0x1a8 util-linux/lib.a(mount.o)
 .text.append_mount_options
                0x000000000043b600      0x180 util-linux/lib.a(mount.o)
 .text.mount_it_now
                0x000000000043b780      0x1b4 util-linux/lib.a(mount.o)
 .text.singlemount
                0x000000000043b934      0x528 util-linux/lib.a(mount.o)
 .text.mount_main
                0x000000000043be5c      0x6bc util-linux/lib.a(mount.o)
                0x000000000043be5c                mount_main
 .text.swap_enable_disable
                0x000000000043c518       0xcc util-linux/lib.a(swaponoff.o)
 .text.swap_on_off_main
                0x000000000043c5e4      0x190 util-linux/lib.a(swaponoff.o)
                0x000000000043c5e4                swap_on_off_main
 .text.umount_main
                0x000000000043c774      0x398 util-linux/lib.a(umount.o)
                0x000000000043c774                umount_main
 .text.uuidcache_init
                0x000000000043cb0c       0x58 util-linux/volume_id/lib.a(get_devname.o)
 .text.uuidcache_check_device
                0x000000000043cb64      0x1e4 util-linux/volume_id/lib.a(get_devname.o)
 .text.display_uuid_cache
                0x000000000043cd48       0xdc util-linux/volume_id/lib.a(get_devname.o)
                0x000000000043cd48                display_uuid_cache
 .text.get_devname_from_label
                0x000000000043ce24       0x9c util-linux/volume_id/lib.a(get_devname.o)
                0x000000000043ce24                get_devname_from_label
 .text.get_devname_from_uuid
                0x000000000043cec0       0x94 util-linux/volume_id/lib.a(get_devname.o)
                0x000000000043cec0                get_devname_from_uuid
 .text.get_devname_from_device
                0x000000000043cf54       0x90 util-linux/volume_id/lib.a(get_devname.o)
                0x000000000043cf54                get_devname_from_device
 .text.resolve_mount_spec
                0x000000000043cfe4       0xb0 util-linux/volume_id/lib.a(get_devname.o)
                0x000000000043cfe4                resolve_mount_spec
 .text.volume_id_probe_all
                0x000000000043d094       0xa8 util-linux/volume_id/lib.a(volume_id.o)
                0x000000000043d094                volume_id_probe_all
 .text.volume_id_open_node
                0x000000000043d13c       0x40 util-linux/volume_id/lib.a(volume_id.o)
                0x000000000043d13c                volume_id_open_node
 .text.free_volume_id
                0x000000000043d17c       0x6c util-linux/volume_id/lib.a(volume_id.o)
                0x000000000043d17c                free_volume_id
 .text.volume_id_probe_ext
                0x000000000043d1e8       0xa8 util-linux/volume_id/lib.a(ext.o)
                0x000000000043d1e8                volume_id_probe_ext
 .text.get_attr_volume_id
                0x000000000043d290       0x8c util-linux/volume_id/lib.a(fat.o)
 .text.volume_id_probe_vfat
                0x000000000043d31c      0x588 util-linux/volume_id/lib.a(fat.o)
                0x000000000043d31c                volume_id_probe_vfat
 .text.volume_id_probe_hfs_hfsplus
                0x000000000043d8a4      0x2d0 util-linux/volume_id/lib.a(hfs.o)
                0x000000000043d8a4                volume_id_probe_hfs_hfsplus
 .text.volume_id_probe_linux_swap
                0x000000000043db74      0x1c0 util-linux/volume_id/lib.a(linux_swap.o)
                0x000000000043db74                volume_id_probe_linux_swap
 .text.volume_id_probe_ntfs
                0x000000000043dd34      0x26c util-linux/volume_id/lib.a(ntfs.o)
                0x000000000043dd34                volume_id_probe_ntfs
 .text.volume_id_set_unicode16
                0x000000000043dfa0       0xf4 util-linux/volume_id/lib.a(util.o)
                0x000000000043dfa0                volume_id_set_unicode16
 .text.volume_id_set_label_string
                0x000000000043e094       0x98 util-linux/volume_id/lib.a(util.o)
                0x000000000043e094                volume_id_set_label_string
 .text.volume_id_set_label_unicode16
                0x000000000043e12c       0x48 util-linux/volume_id/lib.a(util.o)
                0x000000000043e12c                volume_id_set_label_unicode16
 .text.volume_id_set_uuid
                0x000000000043e174      0x1f0 util-linux/volume_id/lib.a(util.o)
                0x000000000043e174                volume_id_set_uuid
 .text.volume_id_free_buffer
                0x000000000043e364       0x6c util-linux/volume_id/lib.a(util.o)
                0x000000000043e364                volume_id_free_buffer
 .text.volume_id_get_buffer
                0x000000000043e3d0      0x1ec util-linux/volume_id/lib.a(util.o)
                0x000000000043e3d0                volume_id_get_buffer
 .text.make_new_name_gunzip
                0x000000000043e5bc       0xe4 archival/lib.a(bbunzip.o)
 .text.unpack_gunzip
                0x000000000043e6a0       0xb8 archival/lib.a(bbunzip.o)
 .text.append_ext
                0x000000000043e758       0x28 archival/lib.a(bbunzip.o)
                0x000000000043e758                append_ext
 .text.bbunpack
                0x000000000043e780      0x324 archival/lib.a(bbunzip.o)
                0x000000000043e780                bbunpack
 .text.gunzip_main
                0x000000000043eaa4       0x94 archival/lib.a(bbunzip.o)
                0x000000000043eaa4                gunzip_main
 .text.init_block
                0x000000000043eb38       0x84 archival/lib.a(gzip.o)
 .text.pqdownheap
                0x000000000043ebbc      0x10c archival/lib.a(gzip.o)
 .text.gen_codes
                0x000000000043ecc8       0xc4 archival/lib.a(gzip.o)
 .text.build_tree
                0x000000000043ed8c      0x4a0 archival/lib.a(gzip.o)
 .text.scan_tree
                0x000000000043f22c      0x148 archival/lib.a(gzip.o)
 .text.ct_tally
                0x000000000043f374      0x1a0 archival/lib.a(gzip.o)
 .text.file_read
                0x000000000043f514       0xa0 archival/lib.a(gzip.o)
 .text.fill_window
                0x000000000043f5b4      0x168 archival/lib.a(gzip.o)
 .text.flush_outbuf
                0x000000000043f71c       0x50 archival/lib.a(gzip.o)
 .text.put_16bit
                0x000000000043f76c       0xdc archival/lib.a(gzip.o)
 .text.send_bits
                0x000000000043f848       0xb4 archival/lib.a(gzip.o)
 .text.send_tree
                0x000000000043f8fc      0x1f0 archival/lib.a(gzip.o)
 .text.compress_block
                0x000000000043faec      0x20c archival/lib.a(gzip.o)
 .text.put_32bit
                0x000000000043fcf8       0x58 archival/lib.a(gzip.o)
 .text.bi_windup
                0x000000000043fd50       0xa0 archival/lib.a(gzip.o)
 .text.flush_block
                0x000000000043fdf0      0x398 archival/lib.a(gzip.o)
 .text.pack_gzip
                0x0000000000440188      0x9d8 archival/lib.a(gzip.o)
 .text.gzip_main
                0x0000000000440b60      0x154 archival/lib.a(gzip.o)
                0x0000000000440b60                gzip_main
 .text.append_file_list_to_list
                0x0000000000440cb4      0x110 archival/lib.a(tar.o)
 .text.putOctal
                0x0000000000440dc4       0x94 archival/lib.a(tar.o)
 .text.chksum_and_xwrite
                0x0000000000440e58       0xbc archival/lib.a(tar.o)
 .text.writeLongname
                0x0000000000440f14      0x174 archival/lib.a(tar.o)
 .text.vfork_compressor
                0x0000000000441088      0x16c archival/lib.a(tar.o)
 .text.writeTarFile
                0x00000000004411f4      0x1bc archival/lib.a(tar.o)
 .text.writeTarHeader
                0x00000000004413b0      0x458 archival/lib.a(tar.o)
 .text.writeFileToTarball
                0x0000000000441808      0x380 archival/lib.a(tar.o)
 .text.tar_main
                0x0000000000441b88      0x378 archival/lib.a(tar.o)
                0x0000000000441b88                tar_main
 .text.unzip_create_leading_dirs
                0x0000000000441f00       0x84 archival/lib.a(unzip.o)
 .text.unzip_skip
                0x0000000000441f84       0x90 archival/lib.a(unzip.o)
 .text.unzip_main
                0x0000000000442014      0x984 archival/lib.a(unzip.o)
                0x0000000000442014                unzip_main
 .text.data_extract_all
                0x0000000000442998      0x494 archival/libunarchive/lib.a(data_extract_all.o)
                0x0000000000442998                data_extract_all
 .text.data_extract_to_stdout
                0x0000000000442e2c       0x28 archival/libunarchive/lib.a(data_extract_to_stdout.o)
                0x0000000000442e2c                data_extract_to_stdout
 .text.data_skip
                0x0000000000442e54       0x18 archival/libunarchive/lib.a(data_skip.o)
                0x0000000000442e54                data_skip
 .text.calculate_gunzip_crc
                0x0000000000442e6c       0x6c archival/libunarchive/lib.a(decompress_unzip.o)
 .text.buffer_read_le_u32
                0x0000000000442ed8       0x40 archival/libunarchive/lib.a(decompress_unzip.o)
 .text.huft_free
                0x0000000000442f18       0x4c archival/libunarchive/lib.a(decompress_unzip.o)
 .text.huft_build
                0x0000000000442f64      0x52c archival/libunarchive/lib.a(decompress_unzip.o)
 .text.abort_unzip
                0x0000000000443490       0x60 archival/libunarchive/lib.a(decompress_unzip.o)
 .text.fill_bitbuffer
                0x00000000004434f0      0x148 archival/libunarchive/lib.a(decompress_unzip.o)
 .text.top_up   0x0000000000443638       0xc8 archival/libunarchive/lib.a(decompress_unzip.o)
 .text.inflate_block
                0x0000000000443700      0x7c0 archival/libunarchive/lib.a(decompress_unzip.o)
 .text.inflate_codes
                0x0000000000443ec0      0x450 archival/libunarchive/lib.a(decompress_unzip.o)
 .text.inflate_unzip_internal
                0x0000000000444310      0x368 archival/libunarchive/lib.a(decompress_unzip.o)
 .text.inflate_unzip
                0x0000000000444678       0xd8 archival/libunarchive/lib.a(decompress_unzip.o)
                0x0000000000444678                inflate_unzip
 .text.unpack_gz_stream_with_info
                0x0000000000444750      0x364 archival/libunarchive/lib.a(decompress_unzip.o)
                0x0000000000444750                unpack_gz_stream_with_info
 .text.unpack_gz_stream
                0x0000000000444ab4       0x18 archival/libunarchive/lib.a(decompress_unzip.o)
                0x0000000000444ab4                unpack_gz_stream
 .text.filter_accept_reject_list
                0x0000000000444acc       0x90 archival/libunarchive/lib.a(filter_accept_reject_list.o)
                0x0000000000444acc                filter_accept_reject_list
 .text.find_list_entry
                0x0000000000444b5c       0x70 archival/libunarchive/lib.a(find_list_entry.o)
                0x0000000000444b5c                find_list_entry
 .text.find_list_entry2
                0x0000000000444bcc      0x10c archival/libunarchive/lib.a(find_list_entry.o)
                0x0000000000444bcc                find_list_entry2
 .text.getOctal
                0x0000000000444cd8       0xb8 archival/libunarchive/lib.a(get_header_tar.o)
 .text.get_header_tar
                0x0000000000444d90      0x75c archival/libunarchive/lib.a(get_header_tar.o)
                0x0000000000444d90                get_header_tar
 .text.get_header_tar_bz2
                0x00000000004454ec       0x7c archival/libunarchive/lib.a(get_header_tar_bz2.o)
                0x00000000004454ec                get_header_tar_bz2
 .text.get_header_tar_gz
                0x0000000000445568       0xbc archival/libunarchive/lib.a(get_header_tar_gz.o)
                0x0000000000445568                get_header_tar_gz
 .text.header_list
                0x0000000000445624       0x18 archival/libunarchive/lib.a(header_list.o)
                0x0000000000445624                header_list
 .text.header_verbose_list
                0x000000000044563c       0xec archival/libunarchive/lib.a(header_verbose_list.o)
                0x000000000044563c                header_verbose_list
 .text.init_handle
                0x0000000000445728       0x80 archival/libunarchive/lib.a(init_handle.o)
                0x0000000000445728                init_handle
 .text.open_transformer
                0x00000000004457a8       0xa8 archival/libunarchive/lib.a(open_transformer.o)
                0x00000000004457a8                open_transformer
 .text.seek_by_jump
                0x0000000000445850       0xbc archival/libunarchive/lib.a(seek_by_jump.o)
                0x0000000000445850                seek_by_jump
 .text.seek_by_read
                0x000000000044590c       0x28 archival/libunarchive/lib.a(seek_by_read.o)
                0x000000000044590c                seek_by_read
 .text.data_align
                0x0000000000445934       0xac archival/libunarchive/lib.a(data_align.o)
                0x0000000000445934                data_align
 .text.get_bits
                0x00000000004459e0      0x120 archival/libunarchive/lib.a(decompress_bunzip2.o)
 .text.get_next_block
                0x0000000000445b00      0x8f8 archival/libunarchive/lib.a(decompress_bunzip2.o)
 .text.read_bunzip
                0x00000000004463f8      0x1c8 archival/libunarchive/lib.a(decompress_bunzip2.o)
                0x00000000004463f8                read_bunzip
 .text.start_bunzip
                0x00000000004465c0      0x164 archival/libunarchive/lib.a(decompress_bunzip2.o)
                0x00000000004465c0                start_bunzip
 .text.dealloc_bunzip
                0x0000000000446724       0x48 archival/libunarchive/lib.a(decompress_bunzip2.o)
                0x0000000000446724                dealloc_bunzip
 .text.unpack_bz2_stream
                0x000000000044676c      0x168 archival/libunarchive/lib.a(decompress_bunzip2.o)
                0x000000000044676c                unpack_bz2_stream
 .text.unpack_bz2_stream_prime
                0x00000000004468d4       0x7c archival/libunarchive/lib.a(decompress_bunzip2.o)
                0x00000000004468d4                unpack_bz2_stream_prime
 .text.filter_accept_all
                0x0000000000446950       0x10 archival/libunarchive/lib.a(filter_accept_all.o)
                0x0000000000446950                filter_accept_all
 .text.header_skip
                0x0000000000446960        0x8 archival/libunarchive/lib.a(header_skip.o)
                0x0000000000446960                header_skip
 .text.clear_main
                0x0000000000446968       0x3c console-tools/lib.a(clear.o)
                0x0000000000446968                clear_main
 .text.setconsole_main
                0x00000000004469a4       0xbc console-tools/lib.a(setconsole.o)
                0x00000000004469a4                setconsole_main
 .text.basename_main
                0x0000000000446a60       0xf0 coreutils/lib.a(basename.o)
                0x0000000000446a60                basename_main
 .text.bb_cat   0x0000000000446b50       0xcc coreutils/lib.a(cat.o)
                0x0000000000446b50                bb_cat
 .text.cat_main
                0x0000000000446c1c       0x5c coreutils/lib.a(cat.o)
                0x0000000000446c1c                cat_main
 .text.fileAction
                0x0000000000446c78       0xd8 coreutils/lib.a(chmod.o)
 .text.chmod_main
                0x0000000000446d50      0x154 coreutils/lib.a(chmod.o)
                0x0000000000446d50                chmod_main
 .text.fileAction
                0x0000000000446ea4       0x88 coreutils/lib.a(chown.o)
 .text.chown_main
                0x0000000000446f2c      0x12c coreutils/lib.a(chown.o)
                0x0000000000446f2c                chown_main
 .text.cp_main  0x0000000000447058      0x1b8 coreutils/lib.a(cp.o)
                0x0000000000447058                cp_main
 .text.cmpfunc  0x0000000000447210       0x10 coreutils/lib.a(cut.o)
 .text.cut_main
                0x0000000000447220      0x65c coreutils/lib.a(cut.o)
                0x0000000000447220                cut_main
 .text.date_main
                0x000000000044787c      0x484 coreutils/lib.a(date.o)
                0x000000000044787c                date_main
 .text.write_and_stats
                0x0000000000447d00       0xf8 coreutils/lib.a(dd.o)
 .text.dd_output_status
                0x0000000000447df8       0x98 coreutils/lib.a(dd.o)
 .text.dd_main  0x0000000000447e90      0x80c coreutils/lib.a(dd.o)
                0x0000000000447e90                dd_main
 .text.df_main  0x000000000044869c      0x458 coreutils/lib.a(df.o)
                0x000000000044869c                df_main
 .text.dirname_main
                0x0000000000448af4       0x58 coreutils/lib.a(dirname.o)
                0x0000000000448af4                dirname_main
 .text.print    0x0000000000448b4c       0x6c coreutils/lib.a(du.o)
 .text.du       0x0000000000448bb8      0x2f0 coreutils/lib.a(du.o)
 .text.du_main  0x0000000000448ea8      0x1e8 coreutils/lib.a(du.o)
                0x0000000000448ea8                du_main
 .text.echo_main
                0x0000000000449090      0x228 coreutils/lib.a(echo.o)
                0x0000000000449090                echo_main
 .text.env_main
                0x00000000004492b8      0x170 coreutils/lib.a(env.o)
                0x00000000004492b8                env_main
 .text.null     0x0000000000449428       0x40 coreutils/lib.a(expr.o)
 .text.tostring
                0x0000000000449468       0x5c coreutils/lib.a(expr.o)
 .text.str_value
                0x00000000004494c4       0x68 coreutils/lib.a(expr.o)
 .text.toarith  0x000000000044952c       0xa0 coreutils/lib.a(expr.o)
 .text.arithmetic_common
                0x00000000004495cc      0x134 coreutils/lib.a(expr.o)
 .text.freev    0x0000000000449700       0x54 coreutils/lib.a(expr.o)
 .text.nextarg  0x0000000000449754       0x74 coreutils/lib.a(expr.o)
 .text.docolon  0x00000000004497c8      0x1bc coreutils/lib.a(expr.o)
 .text.eval5    0x0000000000449984      0x110 coreutils/lib.a(expr.o)
 .text.eval4    0x0000000000449a94      0x17c coreutils/lib.a(expr.o)
 .text.eval3    0x0000000000449c10      0x15c coreutils/lib.a(expr.o)
 .text.eval2    0x0000000000449d6c      0x334 coreutils/lib.a(expr.o)
 .text.eval1    0x000000000044a0a0      0x150 coreutils/lib.a(expr.o)
 .text.eval     0x000000000044a1f0      0x100 coreutils/lib.a(expr.o)
 .text.eval6    0x000000000044a2f0      0x4b0 coreutils/lib.a(expr.o)
 .text.expr_main
                0x000000000044a7a0       0xe8 coreutils/lib.a(expr.o)
                0x000000000044a7a0                expr_main
 .text.fsync_main
                0x000000000044a888      0x14c coreutils/lib.a(fsync.o)
                0x000000000044a888                fsync_main
 .text.head_main
                0x000000000044a9d4      0x2f0 coreutils/lib.a(head.o)
                0x000000000044a9d4                head_main
 .text.ln_main  0x000000000044acc4      0x2ec coreutils/lib.a(ln.o)
                0x000000000044acc4                ln_main
 .text.append_char
                0x000000000044afb0       0x70 coreutils/lib.a(ls.o)
 .text.count_dirs
                0x000000000044b020       0x84 coreutils/lib.a(ls.o)
 .text.sortcmp  0x000000000044b0a4      0x124 coreutils/lib.a(ls.o)
 .text.my_stat  0x000000000044b1c8      0x108 coreutils/lib.a(ls.o)
 .text.dnalloc  0x000000000044b2d0       0x28 coreutils/lib.a(ls.o)
 .text.splitdnarray
                0x000000000044b2f8       0xf8 coreutils/lib.a(ls.o)
 .text.print_name
                0x000000000044b3f0      0x214 coreutils/lib.a(ls.o)
 .text.dnsort   0x000000000044b604       0x20 coreutils/lib.a(ls.o)
 .text.list_single
                0x000000000044b624      0x6a4 coreutils/lib.a(ls.o)
 .text.showfiles
                0x000000000044bcc8      0x2b8 coreutils/lib.a(ls.o)
 .text.showdirs
                0x000000000044bf80      0x338 coreutils/lib.a(ls.o)
 .text.ls_main  0x000000000044c2b8      0x58c coreutils/lib.a(ls.o)
                0x000000000044c2b8                ls_main
 .text.hash_file
                0x000000000044c844      0x170 coreutils/lib.a(md5_sha1_sum.o)
 .text.md5_sha1_sum_main
                0x000000000044c9b4      0x300 coreutils/lib.a(md5_sha1_sum.o)
                0x000000000044c9b4                md5_sha1_sum_main
 .text.mkdir_main
                0x000000000044ccb4      0x118 coreutils/lib.a(mkdir.o)
                0x000000000044ccb4                mkdir_main
 .text.mknod_main
                0x000000000044cdcc      0x16c coreutils/lib.a(mknod.o)
                0x000000000044cdcc                mknod_main
 .text.mv_main  0x000000000044cf38      0x32c coreutils/lib.a(mv.o)
                0x000000000044cf38                mv_main
 .text.nice_main
                0x000000000044d264      0x130 coreutils/lib.a(nice.o)
                0x000000000044d264                nice_main
 .text.nohup_main
                0x000000000044d394      0x184 coreutils/lib.a(nohup.o)
                0x000000000044d394                nohup_main
 .text.get_width_prec
                0x000000000044d518       0x6c coreutils/lib.a(printf.o)
 .text.conv_strtoll
                0x000000000044d584       0x48 coreutils/lib.a(printf.o)
 .text.multiconvert
                0x000000000044d5cc       0xb4 coreutils/lib.a(printf.o)
 .text.print_direc
                0x000000000044d680      0x30c coreutils/lib.a(printf.o)
 .text.conv_strtoull
                0x000000000044d98c       0x84 coreutils/lib.a(printf.o)
 .text.conv_strtod
                0x000000000044da10       0x6c coreutils/lib.a(printf.o)
 .text.printf_main
                0x000000000044da7c      0x4cc coreutils/lib.a(printf.o)
                0x000000000044da7c                printf_main
 .text.pwd_main
                0x000000000044df48       0x7c coreutils/lib.a(pwd.o)
                0x000000000044df48                pwd_main
 .text.readlink_main
                0x000000000044dfc4       0xf8 coreutils/lib.a(readlink.o)
                0x000000000044dfc4                readlink_main
 .text.rm_main  0x000000000044e0bc      0x17c coreutils/lib.a(rm.o)
                0x000000000044e0bc                rm_main
 .text.rmdir_main
                0x000000000044e238      0x124 coreutils/lib.a(rmdir.o)
                0x000000000044e238                rmdir_main
 .text.sleep_main
                0x000000000044e35c       0xa8 coreutils/lib.a(sleep.o)
                0x000000000044e35c                sleep_main
 .text.str2u    0x000000000044e404       0x64 coreutils/lib.a(sort.o)
 .text.get_key  0x000000000044e468      0x320 coreutils/lib.a(sort.o)
 .text.compare_keys
                0x000000000044e788      0x548 coreutils/lib.a(sort.o)
 .text.sort_main
                0x000000000044ecd0      0x574 coreutils/lib.a(sort.o)
                0x000000000044ecd0                sort_main
 .text.sync_main
                0x000000000044f244       0x34 coreutils/lib.a(sync.o)
                0x000000000044f244                sync_main
 .text.eat_num  0x000000000044f278       0x48 coreutils/lib.a(tail.o)
 .text.tail_read
                0x000000000044f2c0      0x114 coreutils/lib.a(tail.o)
 .text.tail_main
                0x000000000044f3d4      0x818 coreutils/lib.a(tail.o)
                0x000000000044f3d4                tail_main
 .text.check_operator
                0x000000000044fbec       0x84 coreutils/lib.a(test.o)
 .text.syntax   0x000000000044fc70       0x74 coreutils/lib.a(test.o)
 .text.getn     0x000000000044fce4       0xc8 coreutils/lib.a(test.o)
 .text.binop    0x000000000044fdac      0x2ac coreutils/lib.a(test.o)
 .text.nexpr    0x0000000000450058      0x510 coreutils/lib.a(test.o)
 .text.aexpr    0x0000000000450568       0xec coreutils/lib.a(test.o)